TimeQuest Timing Analyzer report for project
Mon Feb 17 20:57:52 2025
Quartus II 64-Bit Version 13.0.1 Build 232 06/12/2013 Service Pack 1 SJ Web Edition


---------------------
; Table of Contents ;
---------------------
  1. Legal Notice
  2. TimeQuest Timing Analyzer Summary
  3. Parallel Compilation
  4. Clocks
  5. Slow Model Fmax Summary
  6. Slow Model Setup Summary
  7. Slow Model Hold Summary
  8. Slow Model Recovery Summary
  9. Slow Model Removal Summary
 10. Slow Model Minimum Pulse Width Summary
 11. Propagation Delay
 12. Minimum Propagation Delay
 13. Fast Model Setup Summary
 14. Fast Model Hold Summary
 15. Fast Model Recovery Summary
 16. Fast Model Removal Summary
 17. Fast Model Minimum Pulse Width Summary
 18. Propagation Delay
 19. Minimum Propagation Delay
 20. Multicorner Timing Analysis Summary
 21. Progagation Delay
 22. Minimum Progagation Delay
 23. Clock Transfers
 24. Report TCCS
 25. Report RSKM
 26. Unconstrained Paths
 27. TimeQuest Timing Analyzer Messages



----------------
; Legal Notice ;
----------------
Copyright (C) 1991-2013 Altera Corporation
Your use of Altera Corporation's design tools, logic functions 
and other software and tools, and its AMPP partner logic 
functions, and any output files from any of the foregoing 
(including device programming or simulation files), and any 
associated documentation or information are expressly subject 
to the terms and conditions of the Altera Program License 
Subscription Agreement, Altera MegaCore Function License 
Agreement, or other applicable license agreement, including, 
without limitation, that your use is for the sole purpose of 
programming logic devices manufactured by Altera and sold by 
Altera or its authorized distributors.  Please refer to the 
applicable agreement for further details.



+----------------------------------------------------------------------------------------+
; TimeQuest Timing Analyzer Summary                                                      ;
+--------------------+-------------------------------------------------------------------+
; Quartus II Version ; Version 13.0.1 Build 232 06/12/2013 Service Pack 1 SJ Web Edition ;
; Revision Name      ; project                                                           ;
; Device Family      ; Cyclone II                                                        ;
; Device Name        ; EP2C5F256C6                                                       ;
; Timing Models      ; Final                                                             ;
; Delay Model        ; Combined                                                          ;
; Rise/Fall Delays   ; Unavailable                                                       ;
+--------------------+-------------------------------------------------------------------+


Parallel compilation was disabled, but you have multiple processors available. Enable parallel compilation to reduce compilation time.
+-------------------------------------+
; Parallel Compilation                ;
+----------------------------+--------+
; Processors                 ; Number ;
+----------------------------+--------+
; Number detected on machine ; 4      ;
; Maximum allowed            ; 1      ;
+----------------------------+--------+


----------
; Clocks ;
----------
No clocks to report.


---------------------------
; Slow Model Fmax Summary ;
---------------------------
No paths to report.


----------------------------
; Slow Model Setup Summary ;
----------------------------
No paths to report.


---------------------------
; Slow Model Hold Summary ;
---------------------------
No paths to report.


-------------------------------
; Slow Model Recovery Summary ;
-------------------------------
No paths to report.


------------------------------
; Slow Model Removal Summary ;
------------------------------
No paths to report.


------------------------------------------
; Slow Model Minimum Pulse Width Summary ;
------------------------------------------
No paths to report.


+--------------------------------------------------------------+
; Propagation Delay                                            ;
+------------+-------------+--------+--------+--------+--------+
; Input Port ; Output Port ; RR     ; RF     ; FR     ; FF     ;
+------------+-------------+--------+--------+--------+--------+
; a[0]       ; y[0]        ;        ; 11.330 ; 11.330 ;        ;
; a[0]       ; y[1]        ; 10.566 ;        ;        ; 10.566 ;
; a[0]       ; y[2]        ;        ; 11.700 ; 11.700 ;        ;
; a[0]       ; y[3]        ; 11.541 ;        ;        ; 11.541 ;
; a[0]       ; y[4]        ;        ; 11.097 ; 11.097 ;        ;
; a[0]       ; y[5]        ; 10.872 ;        ;        ; 10.872 ;
; a[0]       ; y[6]        ;        ; 11.661 ; 11.661 ;        ;
; a[0]       ; y[7]        ; 11.887 ;        ;        ; 11.887 ;
; a[0]       ; y[8]        ;        ; 11.394 ; 11.394 ;        ;
; a[0]       ; y[9]        ; 10.556 ;        ;        ; 10.556 ;
; a[0]       ; y[10]       ;        ; 11.307 ; 11.307 ;        ;
; a[0]       ; y[11]       ; 11.318 ;        ;        ; 11.318 ;
; a[0]       ; y[12]       ;        ; 11.071 ; 11.071 ;        ;
; a[0]       ; y[13]       ; 10.495 ;        ;        ; 10.495 ;
; a[0]       ; y[14]       ;        ; 11.410 ; 11.410 ;        ;
; a[0]       ; y[15]       ; 11.847 ;        ;        ; 11.847 ;
; a[0]       ; y[16]       ;        ; 12.235 ; 12.235 ;        ;
; a[0]       ; y[17]       ; 11.008 ;        ;        ; 11.008 ;
; a[0]       ; y[18]       ;        ; 11.599 ; 11.599 ;        ;
; a[0]       ; y[19]       ; 11.611 ;        ;        ; 11.611 ;
; a[0]       ; y[20]       ;        ; 11.952 ; 11.952 ;        ;
; a[0]       ; y[21]       ; 10.812 ;        ;        ; 10.812 ;
; a[0]       ; y[22]       ;        ; 11.416 ; 11.416 ;        ;
; a[0]       ; y[23]       ; 12.058 ;        ;        ; 12.058 ;
; a[0]       ; y[24]       ;        ; 11.028 ; 11.028 ;        ;
; a[0]       ; y[25]       ; 10.952 ;        ;        ; 10.952 ;
; a[0]       ; y[26]       ;        ; 11.302 ; 11.302 ;        ;
; a[0]       ; y[27]       ; 11.574 ;        ;        ; 11.574 ;
; a[0]       ; y[28]       ;        ; 11.765 ; 11.765 ;        ;
; a[0]       ; y[29]       ; 10.488 ;        ;        ; 10.488 ;
; a[0]       ; y[30]       ;        ; 11.493 ; 11.493 ;        ;
; a[0]       ; y[31]       ; 11.253 ;        ;        ; 11.253 ;
; a[1]       ; y[0]        ;        ; 11.063 ; 11.063 ;        ;
; a[1]       ; y[1]        ;        ; 10.259 ; 10.259 ;        ;
; a[1]       ; y[2]        ; 11.442 ;        ;        ; 11.442 ;
; a[1]       ; y[3]        ; 11.263 ;        ;        ; 11.263 ;
; a[1]       ; y[4]        ;        ; 10.830 ; 10.830 ;        ;
; a[1]       ; y[5]        ;        ; 10.565 ; 10.565 ;        ;
; a[1]       ; y[6]        ; 11.403 ;        ;        ; 11.403 ;
; a[1]       ; y[7]        ; 11.609 ;        ;        ; 11.609 ;
; a[1]       ; y[8]        ;        ; 11.127 ; 11.127 ;        ;
; a[1]       ; y[9]        ;        ; 10.249 ; 10.249 ;        ;
; a[1]       ; y[10]       ; 11.049 ;        ;        ; 11.049 ;
; a[1]       ; y[11]       ; 11.040 ;        ;        ; 11.040 ;
; a[1]       ; y[12]       ;        ; 10.804 ; 10.804 ;        ;
; a[1]       ; y[13]       ;        ; 10.188 ; 10.188 ;        ;
; a[1]       ; y[14]       ; 11.152 ;        ;        ; 11.152 ;
; a[1]       ; y[15]       ; 11.569 ;        ;        ; 11.569 ;
; a[1]       ; y[16]       ;        ; 11.968 ; 11.968 ;        ;
; a[1]       ; y[17]       ;        ; 10.701 ; 10.701 ;        ;
; a[1]       ; y[18]       ; 11.341 ;        ;        ; 11.341 ;
; a[1]       ; y[19]       ; 11.333 ;        ;        ; 11.333 ;
; a[1]       ; y[20]       ;        ; 11.685 ; 11.685 ;        ;
; a[1]       ; y[21]       ;        ; 10.505 ; 10.505 ;        ;
; a[1]       ; y[22]       ; 11.158 ;        ;        ; 11.158 ;
; a[1]       ; y[23]       ; 11.780 ;        ;        ; 11.780 ;
; a[1]       ; y[24]       ;        ; 10.761 ; 10.761 ;        ;
; a[1]       ; y[25]       ;        ; 10.645 ; 10.645 ;        ;
; a[1]       ; y[26]       ; 11.044 ;        ;        ; 11.044 ;
; a[1]       ; y[27]       ; 11.296 ;        ;        ; 11.296 ;
; a[1]       ; y[28]       ;        ; 11.498 ; 11.498 ;        ;
; a[1]       ; y[29]       ;        ; 10.181 ; 10.181 ;        ;
; a[1]       ; y[30]       ; 11.235 ;        ;        ; 11.235 ;
; a[1]       ; y[31]       ; 10.975 ;        ;        ; 10.975 ;
; a[2]       ; y[0]        ;        ; 9.880  ; 9.880  ;        ;
; a[2]       ; y[1]        ;        ; 9.182  ; 9.182  ;        ;
; a[2]       ; y[2]        ;        ; 10.139 ; 10.139 ;        ;
; a[2]       ; y[3]        ;        ; 10.024 ; 10.024 ;        ;
; a[2]       ; y[4]        ; 9.647  ;        ;        ; 9.647  ;
; a[2]       ; y[5]        ; 9.489  ;        ;        ; 9.489  ;
; a[2]       ; y[6]        ; 10.126 ;        ;        ; 10.126 ;
; a[2]       ; y[7]        ; 10.405 ;        ;        ; 10.405 ;
; a[2]       ; y[8]        ;        ; 9.955  ; 9.955  ;        ;
; a[2]       ; y[9]        ;        ; 9.176  ; 9.176  ;        ;
; a[2]       ; y[10]       ;        ; 9.776  ; 9.776  ;        ;
; a[2]       ; y[11]       ;        ; 9.831  ; 9.831  ;        ;
; a[2]       ; y[12]       ; 9.630  ;        ;        ; 9.630  ;
; a[2]       ; y[13]       ; 9.110  ;        ;        ; 9.110  ;
; a[2]       ; y[14]       ; 9.878  ;        ;        ; 9.878  ;
; a[2]       ; y[15]       ; 10.371 ;        ;        ; 10.371 ;
; a[2]       ; y[16]       ;        ; 10.784 ; 10.784 ;        ;
; a[2]       ; y[17]       ;        ; 9.635  ; 9.635  ;        ;
; a[2]       ; y[18]       ;        ; 10.044 ; 10.044 ;        ;
; a[2]       ; y[19]       ;        ; 10.100 ; 10.100 ;        ;
; a[2]       ; y[20]       ; 10.502 ;        ;        ; 10.502 ;
; a[2]       ; y[21]       ; 9.436  ;        ;        ; 9.436  ;
; a[2]       ; y[22]       ; 9.866  ;        ;        ; 9.866  ;
; a[2]       ; y[23]       ; 10.576 ;        ;        ; 10.576 ;
; a[2]       ; y[24]       ;        ; 9.583  ; 9.583  ;        ;
; a[2]       ; y[25]       ;        ; 9.569  ; 9.569  ;        ;
; a[2]       ; y[26]       ;        ; 9.770  ; 9.770  ;        ;
; a[2]       ; y[27]       ;        ; 10.088 ; 10.088 ;        ;
; a[2]       ; y[28]       ; 10.316 ;        ;        ; 10.316 ;
; a[2]       ; y[29]       ; 9.103  ;        ;        ; 9.103  ;
; a[2]       ; y[30]       ; 9.933  ;        ;        ; 9.933  ;
; a[2]       ; y[31]       ; 9.775  ;        ;        ; 9.775  ;
; a[3]       ; y[0]        ;        ; 9.626  ; 9.626  ;        ;
; a[3]       ; y[1]        ;        ; 9.229  ; 9.229  ;        ;
; a[3]       ; y[2]        ;        ; 9.840  ; 9.840  ;        ;
; a[3]       ; y[3]        ;        ; 9.759  ; 9.759  ;        ;
; a[3]       ; y[4]        ;        ; 9.400  ; 9.400  ;        ;
; a[3]       ; y[5]        ;        ; 9.537  ; 9.537  ;        ;
; a[3]       ; y[6]        ;        ; 9.800  ; 9.800  ;        ;
; a[3]       ; y[7]        ;        ; 10.097 ; 10.097 ;        ;
; a[3]       ; y[8]        ; 9.740  ;        ;        ; 9.740  ;
; a[3]       ; y[9]        ; 9.247  ;        ;        ; 9.247  ;
; a[3]       ; y[10]       ; 9.452  ;        ;        ; 9.452  ;
; a[3]       ; y[11]       ; 9.573  ;        ;        ; 9.573  ;
; a[3]       ; y[12]       ; 9.415  ;        ;        ; 9.415  ;
; a[3]       ; y[13]       ; 9.186  ;        ;        ; 9.186  ;
; a[3]       ; y[14]       ; 9.554  ;        ;        ; 9.554  ;
; a[3]       ; y[15]       ; 10.079 ;        ;        ; 10.079 ;
; a[3]       ; y[16]       ;        ; 10.534 ; 10.534 ;        ;
; a[3]       ; y[17]       ;        ; 9.693  ; 9.693  ;        ;
; a[3]       ; y[18]       ;        ; 9.738  ; 9.738  ;        ;
; a[3]       ; y[19]       ;        ; 9.816  ; 9.816  ;        ;
; a[3]       ; y[20]       ;        ; 10.252 ; 10.252 ;        ;
; a[3]       ; y[21]       ;        ; 9.494  ; 9.494  ;        ;
; a[3]       ; y[22]       ;        ; 9.555  ; 9.555  ;        ;
; a[3]       ; y[23]       ;        ; 10.278 ; 10.278 ;        ;
; a[3]       ; y[24]       ; 9.371  ;        ;        ; 9.371  ;
; a[3]       ; y[25]       ; 9.633  ;        ;        ; 9.633  ;
; a[3]       ; y[26]       ; 9.446  ;        ;        ; 9.446  ;
; a[3]       ; y[27]       ; 9.803  ;        ;        ; 9.803  ;
; a[3]       ; y[28]       ; 10.105 ;        ;        ; 10.105 ;
; a[3]       ; y[29]       ; 9.178  ;        ;        ; 9.178  ;
; a[3]       ; y[30]       ; 9.634  ;        ;        ; 9.634  ;
; a[3]       ; y[31]       ; 9.485  ;        ;        ; 9.485  ;
; a[4]       ; y[0]        ;        ; 11.642 ; 11.642 ;        ;
; a[4]       ; y[1]        ;        ; 11.388 ; 11.388 ;        ;
; a[4]       ; y[2]        ;        ; 11.976 ; 11.976 ;        ;
; a[4]       ; y[3]        ;        ; 11.933 ; 11.933 ;        ;
; a[4]       ; y[4]        ;        ; 11.415 ; 11.415 ;        ;
; a[4]       ; y[5]        ;        ; 11.693 ; 11.693 ;        ;
; a[4]       ; y[6]        ;        ; 11.956 ; 11.956 ;        ;
; a[4]       ; y[7]        ;        ; 12.274 ; 12.274 ;        ;
; a[4]       ; y[8]        ;        ; 11.729 ; 11.729 ;        ;
; a[4]       ; y[9]        ;        ; 11.394 ; 11.394 ;        ;
; a[4]       ; y[10]       ;        ; 11.608 ; 11.608 ;        ;
; a[4]       ; y[11]       ;        ; 11.741 ; 11.741 ;        ;
; a[4]       ; y[12]       ;        ; 11.403 ; 11.403 ;        ;
; a[4]       ; y[13]       ;        ; 11.329 ; 11.329 ;        ;
; a[4]       ; y[14]       ;        ; 11.710 ; 11.710 ;        ;
; a[4]       ; y[15]       ;        ; 12.266 ; 12.266 ;        ;
; a[4]       ; y[16]       ; 12.521 ;        ;        ; 12.521 ;
; a[4]       ; y[17]       ; 11.836 ;        ;        ; 11.836 ;
; a[4]       ; y[18]       ; 11.889 ;        ;        ; 11.889 ;
; a[4]       ; y[19]       ; 11.985 ;        ;        ; 11.985 ;
; a[4]       ; y[20]       ; 12.234 ;        ;        ; 12.234 ;
; a[4]       ; y[21]       ; 11.641 ;        ;        ; 11.641 ;
; a[4]       ; y[22]       ; 11.710 ;        ;        ; 11.710 ;
; a[4]       ; y[23]       ; 12.431 ;        ;        ; 12.431 ;
; a[4]       ; y[24]       ; 11.331 ;        ;        ; 11.331 ;
; a[4]       ; y[25]       ; 11.747 ;        ;        ; 11.747 ;
; a[4]       ; y[26]       ; 11.615 ;        ;        ; 11.615 ;
; a[4]       ; y[27]       ; 11.972 ;        ;        ; 11.972 ;
; a[4]       ; y[28]       ; 12.064 ;        ;        ; 12.064 ;
; a[4]       ; y[29]       ; 11.301 ;        ;        ; 11.301 ;
; a[4]       ; y[30]       ; 11.787 ;        ;        ; 11.787 ;
; a[4]       ; y[31]       ; 11.650 ;        ;        ; 11.650 ;
; enable     ; y[0]        ; 10.841 ;        ;        ; 10.841 ;
; enable     ; y[1]        ; 10.587 ;        ;        ; 10.587 ;
; enable     ; y[2]        ; 11.175 ;        ;        ; 11.175 ;
; enable     ; y[3]        ; 11.132 ;        ;        ; 11.132 ;
; enable     ; y[4]        ; 10.614 ;        ;        ; 10.614 ;
; enable     ; y[5]        ; 10.892 ;        ;        ; 10.892 ;
; enable     ; y[6]        ; 11.155 ;        ;        ; 11.155 ;
; enable     ; y[7]        ; 11.473 ;        ;        ; 11.473 ;
; enable     ; y[8]        ; 10.928 ;        ;        ; 10.928 ;
; enable     ; y[9]        ; 10.593 ;        ;        ; 10.593 ;
; enable     ; y[10]       ; 10.807 ;        ;        ; 10.807 ;
; enable     ; y[11]       ; 10.940 ;        ;        ; 10.940 ;
; enable     ; y[12]       ; 10.602 ;        ;        ; 10.602 ;
; enable     ; y[13]       ; 10.528 ;        ;        ; 10.528 ;
; enable     ; y[14]       ; 10.909 ;        ;        ; 10.909 ;
; enable     ; y[15]       ; 11.465 ;        ;        ; 11.465 ;
; enable     ; y[16]       ; 11.747 ;        ;        ; 11.747 ;
; enable     ; y[17]       ; 11.062 ;        ;        ; 11.062 ;
; enable     ; y[18]       ; 11.115 ;        ;        ; 11.115 ;
; enable     ; y[19]       ; 11.211 ;        ;        ; 11.211 ;
; enable     ; y[20]       ; 11.460 ;        ;        ; 11.460 ;
; enable     ; y[21]       ; 10.867 ;        ;        ; 10.867 ;
; enable     ; y[22]       ; 10.936 ;        ;        ; 10.936 ;
; enable     ; y[23]       ; 11.657 ;        ;        ; 11.657 ;
; enable     ; y[24]       ; 10.557 ;        ;        ; 10.557 ;
; enable     ; y[25]       ; 10.973 ;        ;        ; 10.973 ;
; enable     ; y[26]       ; 10.841 ;        ;        ; 10.841 ;
; enable     ; y[27]       ; 11.198 ;        ;        ; 11.198 ;
; enable     ; y[28]       ; 11.290 ;        ;        ; 11.290 ;
; enable     ; y[29]       ; 10.527 ;        ;        ; 10.527 ;
; enable     ; y[30]       ; 11.013 ;        ;        ; 11.013 ;
; enable     ; y[31]       ; 10.876 ;        ;        ; 10.876 ;
+------------+-------------+--------+--------+--------+--------+


+--------------------------------------------------------------+
; Minimum Propagation Delay                                    ;
+------------+-------------+--------+--------+--------+--------+
; Input Port ; Output Port ; RR     ; RF     ; FR     ; FF     ;
+------------+-------------+--------+--------+--------+--------+
; a[0]       ; y[0]        ;        ; 11.330 ; 11.330 ;        ;
; a[0]       ; y[1]        ; 10.566 ;        ;        ; 10.566 ;
; a[0]       ; y[2]        ;        ; 11.700 ; 11.700 ;        ;
; a[0]       ; y[3]        ; 11.541 ;        ;        ; 11.541 ;
; a[0]       ; y[4]        ;        ; 11.097 ; 11.097 ;        ;
; a[0]       ; y[5]        ; 10.872 ;        ;        ; 10.872 ;
; a[0]       ; y[6]        ;        ; 11.661 ; 11.661 ;        ;
; a[0]       ; y[7]        ; 11.887 ;        ;        ; 11.887 ;
; a[0]       ; y[8]        ;        ; 11.394 ; 11.394 ;        ;
; a[0]       ; y[9]        ; 10.556 ;        ;        ; 10.556 ;
; a[0]       ; y[10]       ;        ; 11.307 ; 11.307 ;        ;
; a[0]       ; y[11]       ; 11.318 ;        ;        ; 11.318 ;
; a[0]       ; y[12]       ;        ; 11.071 ; 11.071 ;        ;
; a[0]       ; y[13]       ; 10.495 ;        ;        ; 10.495 ;
; a[0]       ; y[14]       ;        ; 11.410 ; 11.410 ;        ;
; a[0]       ; y[15]       ; 11.847 ;        ;        ; 11.847 ;
; a[0]       ; y[16]       ;        ; 12.235 ; 12.235 ;        ;
; a[0]       ; y[17]       ; 11.008 ;        ;        ; 11.008 ;
; a[0]       ; y[18]       ;        ; 11.599 ; 11.599 ;        ;
; a[0]       ; y[19]       ; 11.611 ;        ;        ; 11.611 ;
; a[0]       ; y[20]       ;        ; 11.952 ; 11.952 ;        ;
; a[0]       ; y[21]       ; 10.812 ;        ;        ; 10.812 ;
; a[0]       ; y[22]       ;        ; 11.416 ; 11.416 ;        ;
; a[0]       ; y[23]       ; 12.058 ;        ;        ; 12.058 ;
; a[0]       ; y[24]       ;        ; 11.028 ; 11.028 ;        ;
; a[0]       ; y[25]       ; 10.952 ;        ;        ; 10.952 ;
; a[0]       ; y[26]       ;        ; 11.302 ; 11.302 ;        ;
; a[0]       ; y[27]       ; 11.574 ;        ;        ; 11.574 ;
; a[0]       ; y[28]       ;        ; 11.765 ; 11.765 ;        ;
; a[0]       ; y[29]       ; 10.488 ;        ;        ; 10.488 ;
; a[0]       ; y[30]       ;        ; 11.493 ; 11.493 ;        ;
; a[0]       ; y[31]       ; 11.253 ;        ;        ; 11.253 ;
; a[1]       ; y[0]        ;        ; 11.063 ; 11.063 ;        ;
; a[1]       ; y[1]        ;        ; 10.259 ; 10.259 ;        ;
; a[1]       ; y[2]        ; 11.442 ;        ;        ; 11.442 ;
; a[1]       ; y[3]        ; 11.263 ;        ;        ; 11.263 ;
; a[1]       ; y[4]        ;        ; 10.830 ; 10.830 ;        ;
; a[1]       ; y[5]        ;        ; 10.565 ; 10.565 ;        ;
; a[1]       ; y[6]        ; 11.403 ;        ;        ; 11.403 ;
; a[1]       ; y[7]        ; 11.609 ;        ;        ; 11.609 ;
; a[1]       ; y[8]        ;        ; 11.127 ; 11.127 ;        ;
; a[1]       ; y[9]        ;        ; 10.249 ; 10.249 ;        ;
; a[1]       ; y[10]       ; 11.049 ;        ;        ; 11.049 ;
; a[1]       ; y[11]       ; 11.040 ;        ;        ; 11.040 ;
; a[1]       ; y[12]       ;        ; 10.804 ; 10.804 ;        ;
; a[1]       ; y[13]       ;        ; 10.188 ; 10.188 ;        ;
; a[1]       ; y[14]       ; 11.152 ;        ;        ; 11.152 ;
; a[1]       ; y[15]       ; 11.569 ;        ;        ; 11.569 ;
; a[1]       ; y[16]       ;        ; 11.968 ; 11.968 ;        ;
; a[1]       ; y[17]       ;        ; 10.701 ; 10.701 ;        ;
; a[1]       ; y[18]       ; 11.341 ;        ;        ; 11.341 ;
; a[1]       ; y[19]       ; 11.333 ;        ;        ; 11.333 ;
; a[1]       ; y[20]       ;        ; 11.685 ; 11.685 ;        ;
; a[1]       ; y[21]       ;        ; 10.505 ; 10.505 ;        ;
; a[1]       ; y[22]       ; 11.158 ;        ;        ; 11.158 ;
; a[1]       ; y[23]       ; 11.780 ;        ;        ; 11.780 ;
; a[1]       ; y[24]       ;        ; 10.761 ; 10.761 ;        ;
; a[1]       ; y[25]       ;        ; 10.645 ; 10.645 ;        ;
; a[1]       ; y[26]       ; 11.044 ;        ;        ; 11.044 ;
; a[1]       ; y[27]       ; 11.296 ;        ;        ; 11.296 ;
; a[1]       ; y[28]       ;        ; 11.498 ; 11.498 ;        ;
; a[1]       ; y[29]       ;        ; 10.181 ; 10.181 ;        ;
; a[1]       ; y[30]       ; 11.235 ;        ;        ; 11.235 ;
; a[1]       ; y[31]       ; 10.975 ;        ;        ; 10.975 ;
; a[2]       ; y[0]        ;        ; 9.880  ; 9.880  ;        ;
; a[2]       ; y[1]        ;        ; 9.182  ; 9.182  ;        ;
; a[2]       ; y[2]        ;        ; 10.139 ; 10.139 ;        ;
; a[2]       ; y[3]        ;        ; 10.024 ; 10.024 ;        ;
; a[2]       ; y[4]        ; 9.647  ;        ;        ; 9.647  ;
; a[2]       ; y[5]        ; 9.489  ;        ;        ; 9.489  ;
; a[2]       ; y[6]        ; 10.126 ;        ;        ; 10.126 ;
; a[2]       ; y[7]        ; 10.405 ;        ;        ; 10.405 ;
; a[2]       ; y[8]        ;        ; 9.955  ; 9.955  ;        ;
; a[2]       ; y[9]        ;        ; 9.176  ; 9.176  ;        ;
; a[2]       ; y[10]       ;        ; 9.776  ; 9.776  ;        ;
; a[2]       ; y[11]       ;        ; 9.831  ; 9.831  ;        ;
; a[2]       ; y[12]       ; 9.630  ;        ;        ; 9.630  ;
; a[2]       ; y[13]       ; 9.110  ;        ;        ; 9.110  ;
; a[2]       ; y[14]       ; 9.878  ;        ;        ; 9.878  ;
; a[2]       ; y[15]       ; 10.371 ;        ;        ; 10.371 ;
; a[2]       ; y[16]       ;        ; 10.784 ; 10.784 ;        ;
; a[2]       ; y[17]       ;        ; 9.635  ; 9.635  ;        ;
; a[2]       ; y[18]       ;        ; 10.044 ; 10.044 ;        ;
; a[2]       ; y[19]       ;        ; 10.100 ; 10.100 ;        ;
; a[2]       ; y[20]       ; 10.502 ;        ;        ; 10.502 ;
; a[2]       ; y[21]       ; 9.436  ;        ;        ; 9.436  ;
; a[2]       ; y[22]       ; 9.866  ;        ;        ; 9.866  ;
; a[2]       ; y[23]       ; 10.576 ;        ;        ; 10.576 ;
; a[2]       ; y[24]       ;        ; 9.583  ; 9.583  ;        ;
; a[2]       ; y[25]       ;        ; 9.569  ; 9.569  ;        ;
; a[2]       ; y[26]       ;        ; 9.770  ; 9.770  ;        ;
; a[2]       ; y[27]       ;        ; 10.088 ; 10.088 ;        ;
; a[2]       ; y[28]       ; 10.316 ;        ;        ; 10.316 ;
; a[2]       ; y[29]       ; 9.103  ;        ;        ; 9.103  ;
; a[2]       ; y[30]       ; 9.933  ;        ;        ; 9.933  ;
; a[2]       ; y[31]       ; 9.775  ;        ;        ; 9.775  ;
; a[3]       ; y[0]        ;        ; 9.626  ; 9.626  ;        ;
; a[3]       ; y[1]        ;        ; 9.229  ; 9.229  ;        ;
; a[3]       ; y[2]        ;        ; 9.840  ; 9.840  ;        ;
; a[3]       ; y[3]        ;        ; 9.759  ; 9.759  ;        ;
; a[3]       ; y[4]        ;        ; 9.400  ; 9.400  ;        ;
; a[3]       ; y[5]        ;        ; 9.537  ; 9.537  ;        ;
; a[3]       ; y[6]        ;        ; 9.800  ; 9.800  ;        ;
; a[3]       ; y[7]        ;        ; 10.097 ; 10.097 ;        ;
; a[3]       ; y[8]        ; 9.740  ;        ;        ; 9.740  ;
; a[3]       ; y[9]        ; 9.247  ;        ;        ; 9.247  ;
; a[3]       ; y[10]       ; 9.452  ;        ;        ; 9.452  ;
; a[3]       ; y[11]       ; 9.573  ;        ;        ; 9.573  ;
; a[3]       ; y[12]       ; 9.415  ;        ;        ; 9.415  ;
; a[3]       ; y[13]       ; 9.186  ;        ;        ; 9.186  ;
; a[3]       ; y[14]       ; 9.554  ;        ;        ; 9.554  ;
; a[3]       ; y[15]       ; 10.079 ;        ;        ; 10.079 ;
; a[3]       ; y[16]       ;        ; 10.534 ; 10.534 ;        ;
; a[3]       ; y[17]       ;        ; 9.693  ; 9.693  ;        ;
; a[3]       ; y[18]       ;        ; 9.738  ; 9.738  ;        ;
; a[3]       ; y[19]       ;        ; 9.816  ; 9.816  ;        ;
; a[3]       ; y[20]       ;        ; 10.252 ; 10.252 ;        ;
; a[3]       ; y[21]       ;        ; 9.494  ; 9.494  ;        ;
; a[3]       ; y[22]       ;        ; 9.555  ; 9.555  ;        ;
; a[3]       ; y[23]       ;        ; 10.278 ; 10.278 ;        ;
; a[3]       ; y[24]       ; 9.371  ;        ;        ; 9.371  ;
; a[3]       ; y[25]       ; 9.633  ;        ;        ; 9.633  ;
; a[3]       ; y[26]       ; 9.446  ;        ;        ; 9.446  ;
; a[3]       ; y[27]       ; 9.803  ;        ;        ; 9.803  ;
; a[3]       ; y[28]       ; 10.105 ;        ;        ; 10.105 ;
; a[3]       ; y[29]       ; 9.178  ;        ;        ; 9.178  ;
; a[3]       ; y[30]       ; 9.634  ;        ;        ; 9.634  ;
; a[3]       ; y[31]       ; 9.485  ;        ;        ; 9.485  ;
; a[4]       ; y[0]        ;        ; 11.642 ; 11.642 ;        ;
; a[4]       ; y[1]        ;        ; 11.388 ; 11.388 ;        ;
; a[4]       ; y[2]        ;        ; 11.976 ; 11.976 ;        ;
; a[4]       ; y[3]        ;        ; 11.933 ; 11.933 ;        ;
; a[4]       ; y[4]        ;        ; 11.415 ; 11.415 ;        ;
; a[4]       ; y[5]        ;        ; 11.693 ; 11.693 ;        ;
; a[4]       ; y[6]        ;        ; 11.956 ; 11.956 ;        ;
; a[4]       ; y[7]        ;        ; 12.274 ; 12.274 ;        ;
; a[4]       ; y[8]        ;        ; 11.729 ; 11.729 ;        ;
; a[4]       ; y[9]        ;        ; 11.394 ; 11.394 ;        ;
; a[4]       ; y[10]       ;        ; 11.608 ; 11.608 ;        ;
; a[4]       ; y[11]       ;        ; 11.741 ; 11.741 ;        ;
; a[4]       ; y[12]       ;        ; 11.403 ; 11.403 ;        ;
; a[4]       ; y[13]       ;        ; 11.329 ; 11.329 ;        ;
; a[4]       ; y[14]       ;        ; 11.710 ; 11.710 ;        ;
; a[4]       ; y[15]       ;        ; 12.266 ; 12.266 ;        ;
; a[4]       ; y[16]       ; 12.521 ;        ;        ; 12.521 ;
; a[4]       ; y[17]       ; 11.836 ;        ;        ; 11.836 ;
; a[4]       ; y[18]       ; 11.889 ;        ;        ; 11.889 ;
; a[4]       ; y[19]       ; 11.985 ;        ;        ; 11.985 ;
; a[4]       ; y[20]       ; 12.234 ;        ;        ; 12.234 ;
; a[4]       ; y[21]       ; 11.641 ;        ;        ; 11.641 ;
; a[4]       ; y[22]       ; 11.710 ;        ;        ; 11.710 ;
; a[4]       ; y[23]       ; 12.431 ;        ;        ; 12.431 ;
; a[4]       ; y[24]       ; 11.331 ;        ;        ; 11.331 ;
; a[4]       ; y[25]       ; 11.747 ;        ;        ; 11.747 ;
; a[4]       ; y[26]       ; 11.615 ;        ;        ; 11.615 ;
; a[4]       ; y[27]       ; 11.972 ;        ;        ; 11.972 ;
; a[4]       ; y[28]       ; 12.064 ;        ;        ; 12.064 ;
; a[4]       ; y[29]       ; 11.301 ;        ;        ; 11.301 ;
; a[4]       ; y[30]       ; 11.787 ;        ;        ; 11.787 ;
; a[4]       ; y[31]       ; 11.650 ;        ;        ; 11.650 ;
; enable     ; y[0]        ; 10.841 ;        ;        ; 10.841 ;
; enable     ; y[1]        ; 10.587 ;        ;        ; 10.587 ;
; enable     ; y[2]        ; 11.175 ;        ;        ; 11.175 ;
; enable     ; y[3]        ; 11.132 ;        ;        ; 11.132 ;
; enable     ; y[4]        ; 10.614 ;        ;        ; 10.614 ;
; enable     ; y[5]        ; 10.892 ;        ;        ; 10.892 ;
; enable     ; y[6]        ; 11.155 ;        ;        ; 11.155 ;
; enable     ; y[7]        ; 11.473 ;        ;        ; 11.473 ;
; enable     ; y[8]        ; 10.928 ;        ;        ; 10.928 ;
; enable     ; y[9]        ; 10.593 ;        ;        ; 10.593 ;
; enable     ; y[10]       ; 10.807 ;        ;        ; 10.807 ;
; enable     ; y[11]       ; 10.940 ;        ;        ; 10.940 ;
; enable     ; y[12]       ; 10.602 ;        ;        ; 10.602 ;
; enable     ; y[13]       ; 10.528 ;        ;        ; 10.528 ;
; enable     ; y[14]       ; 10.909 ;        ;        ; 10.909 ;
; enable     ; y[15]       ; 11.465 ;        ;        ; 11.465 ;
; enable     ; y[16]       ; 11.747 ;        ;        ; 11.747 ;
; enable     ; y[17]       ; 11.062 ;        ;        ; 11.062 ;
; enable     ; y[18]       ; 11.115 ;        ;        ; 11.115 ;
; enable     ; y[19]       ; 11.211 ;        ;        ; 11.211 ;
; enable     ; y[20]       ; 11.460 ;        ;        ; 11.460 ;
; enable     ; y[21]       ; 10.867 ;        ;        ; 10.867 ;
; enable     ; y[22]       ; 10.936 ;        ;        ; 10.936 ;
; enable     ; y[23]       ; 11.657 ;        ;        ; 11.657 ;
; enable     ; y[24]       ; 10.557 ;        ;        ; 10.557 ;
; enable     ; y[25]       ; 10.973 ;        ;        ; 10.973 ;
; enable     ; y[26]       ; 10.841 ;        ;        ; 10.841 ;
; enable     ; y[27]       ; 11.198 ;        ;        ; 11.198 ;
; enable     ; y[28]       ; 11.290 ;        ;        ; 11.290 ;
; enable     ; y[29]       ; 10.527 ;        ;        ; 10.527 ;
; enable     ; y[30]       ; 11.013 ;        ;        ; 11.013 ;
; enable     ; y[31]       ; 10.876 ;        ;        ; 10.876 ;
+------------+-------------+--------+--------+--------+--------+


----------------------------
; Fast Model Setup Summary ;
----------------------------
No paths to report.


---------------------------
; Fast Model Hold Summary ;
---------------------------
No paths to report.


-------------------------------
; Fast Model Recovery Summary ;
-------------------------------
No paths to report.


------------------------------
; Fast Model Removal Summary ;
------------------------------
No paths to report.


------------------------------------------
; Fast Model Minimum Pulse Width Summary ;
------------------------------------------
No paths to report.


+----------------------------------------------------------+
; Propagation Delay                                        ;
+------------+-------------+-------+-------+-------+-------+
; Input Port ; Output Port ; RR    ; RF    ; FR    ; FF    ;
+------------+-------------+-------+-------+-------+-------+
; a[0]       ; y[0]        ;       ; 6.152 ; 6.152 ;       ;
; a[0]       ; y[1]        ; 5.749 ;       ;       ; 5.749 ;
; a[0]       ; y[2]        ;       ; 6.340 ; 6.340 ;       ;
; a[0]       ; y[3]        ; 6.189 ;       ;       ; 6.189 ;
; a[0]       ; y[4]        ;       ; 6.002 ; 6.002 ;       ;
; a[0]       ; y[5]        ; 5.937 ;       ;       ; 5.937 ;
; a[0]       ; y[6]        ;       ; 6.306 ; 6.306 ;       ;
; a[0]       ; y[7]        ; 6.358 ;       ;       ; 6.358 ;
; a[0]       ; y[8]        ;       ; 6.137 ; 6.137 ;       ;
; a[0]       ; y[9]        ; 5.744 ;       ;       ; 5.744 ;
; a[0]       ; y[10]       ;       ; 6.091 ; 6.091 ;       ;
; a[0]       ; y[11]       ; 6.147 ;       ;       ; 6.147 ;
; a[0]       ; y[12]       ;       ; 5.976 ; 5.976 ;       ;
; a[0]       ; y[13]       ; 5.701 ;       ;       ; 5.701 ;
; a[0]       ; y[14]       ;       ; 6.182 ; 6.182 ;       ;
; a[0]       ; y[15]       ; 6.356 ;       ;       ; 6.356 ;
; a[0]       ; y[16]       ;       ; 6.602 ; 6.602 ;       ;
; a[0]       ; y[17]       ; 5.938 ;       ;       ; 5.938 ;
; a[0]       ; y[18]       ;       ; 6.225 ; 6.225 ;       ;
; a[0]       ; y[19]       ; 6.276 ;       ;       ; 6.276 ;
; a[0]       ; y[20]       ;       ; 6.449 ; 6.449 ;       ;
; a[0]       ; y[21]       ; 5.846 ;       ;       ; 5.846 ;
; a[0]       ; y[22]       ;       ; 6.187 ; 6.187 ;       ;
; a[0]       ; y[23]       ; 6.495 ;       ;       ; 6.495 ;
; a[0]       ; y[24]       ;       ; 5.953 ; 5.953 ;       ;
; a[0]       ; y[25]       ; 5.966 ;       ;       ; 5.966 ;
; a[0]       ; y[26]       ;       ; 6.083 ; 6.083 ;       ;
; a[0]       ; y[27]       ; 6.266 ;       ;       ; 6.266 ;
; a[0]       ; y[28]       ;       ; 6.360 ; 6.360 ;       ;
; a[0]       ; y[29]       ; 5.693 ;       ;       ; 5.693 ;
; a[0]       ; y[30]       ;       ; 6.227 ; 6.227 ;       ;
; a[0]       ; y[31]       ; 6.072 ;       ;       ; 6.072 ;
; a[1]       ; y[0]        ;       ; 5.998 ; 5.998 ;       ;
; a[1]       ; y[1]        ;       ; 5.595 ; 5.595 ;       ;
; a[1]       ; y[2]        ; 6.192 ;       ;       ; 6.192 ;
; a[1]       ; y[3]        ; 6.039 ;       ;       ; 6.039 ;
; a[1]       ; y[4]        ;       ; 5.848 ; 5.848 ;       ;
; a[1]       ; y[5]        ;       ; 5.783 ; 5.783 ;       ;
; a[1]       ; y[6]        ; 6.158 ;       ;       ; 6.158 ;
; a[1]       ; y[7]        ; 6.208 ;       ;       ; 6.208 ;
; a[1]       ; y[8]        ;       ; 5.983 ; 5.983 ;       ;
; a[1]       ; y[9]        ;       ; 5.590 ; 5.590 ;       ;
; a[1]       ; y[10]       ; 5.943 ;       ;       ; 5.943 ;
; a[1]       ; y[11]       ; 5.997 ;       ;       ; 5.997 ;
; a[1]       ; y[12]       ;       ; 5.822 ; 5.822 ;       ;
; a[1]       ; y[13]       ;       ; 5.547 ; 5.547 ;       ;
; a[1]       ; y[14]       ; 6.034 ;       ;       ; 6.034 ;
; a[1]       ; y[15]       ; 6.206 ;       ;       ; 6.206 ;
; a[1]       ; y[16]       ;       ; 6.448 ; 6.448 ;       ;
; a[1]       ; y[17]       ;       ; 5.784 ; 5.784 ;       ;
; a[1]       ; y[18]       ; 6.077 ;       ;       ; 6.077 ;
; a[1]       ; y[19]       ; 6.126 ;       ;       ; 6.126 ;
; a[1]       ; y[20]       ;       ; 6.295 ; 6.295 ;       ;
; a[1]       ; y[21]       ;       ; 5.692 ; 5.692 ;       ;
; a[1]       ; y[22]       ; 6.039 ;       ;       ; 6.039 ;
; a[1]       ; y[23]       ; 6.345 ;       ;       ; 6.345 ;
; a[1]       ; y[24]       ;       ; 5.799 ; 5.799 ;       ;
; a[1]       ; y[25]       ;       ; 5.812 ; 5.812 ;       ;
; a[1]       ; y[26]       ; 5.935 ;       ;       ; 5.935 ;
; a[1]       ; y[27]       ; 6.116 ;       ;       ; 6.116 ;
; a[1]       ; y[28]       ;       ; 6.206 ; 6.206 ;       ;
; a[1]       ; y[29]       ;       ; 5.539 ; 5.539 ;       ;
; a[1]       ; y[30]       ; 6.079 ;       ;       ; 6.079 ;
; a[1]       ; y[31]       ; 5.922 ;       ;       ; 5.922 ;
; a[2]       ; y[0]        ;       ; 5.499 ; 5.499 ;       ;
; a[2]       ; y[1]        ;       ; 5.135 ; 5.135 ;       ;
; a[2]       ; y[2]        ;       ; 5.614 ; 5.614 ;       ;
; a[2]       ; y[3]        ;       ; 5.525 ; 5.525 ;       ;
; a[2]       ; y[4]        ; 5.347 ;       ;       ; 5.347 ;
; a[2]       ; y[5]        ; 5.349 ;       ;       ; 5.349 ;
; a[2]       ; y[6]        ; 5.600 ;       ;       ; 5.600 ;
; a[2]       ; y[7]        ; 5.696 ;       ;       ; 5.696 ;
; a[2]       ; y[8]        ;       ; 5.494 ; 5.494 ;       ;
; a[2]       ; y[9]        ;       ; 5.131 ; 5.131 ;       ;
; a[2]       ; y[10]       ;       ; 5.389 ; 5.389 ;       ;
; a[2]       ; y[11]       ;       ; 5.476 ; 5.476 ;       ;
; a[2]       ; y[12]       ; 5.331 ;       ;       ; 5.331 ;
; a[2]       ; y[13]       ; 5.111 ;       ;       ; 5.111 ;
; a[2]       ; y[14]       ; 5.480 ;       ;       ; 5.480 ;
; a[2]       ; y[15]       ; 5.696 ;       ;       ; 5.696 ;
; a[2]       ; y[16]       ;       ; 5.949 ; 5.949 ;       ;
; a[2]       ; y[17]       ;       ; 5.332 ; 5.332 ;       ;
; a[2]       ; y[18]       ;       ; 5.504 ; 5.504 ;       ;
; a[2]       ; y[19]       ;       ; 5.617 ; 5.617 ;       ;
; a[2]       ; y[20]       ; 5.796 ;       ;       ; 5.796 ;
; a[2]       ; y[21]       ; 5.264 ;       ;       ; 5.264 ;
; a[2]       ; y[22]       ; 5.470 ;       ;       ; 5.470 ;
; a[2]       ; y[23]       ; 5.829 ;       ;       ; 5.829 ;
; a[2]       ; y[24]       ;       ; 5.305 ; 5.305 ;       ;
; a[2]       ; y[25]       ;       ; 5.352 ; 5.352 ;       ;
; a[2]       ; y[26]       ;       ; 5.382 ; 5.382 ;       ;
; a[2]       ; y[27]       ;       ; 5.599 ; 5.599 ;       ;
; a[2]       ; y[28]       ; 5.709 ;       ;       ; 5.709 ;
; a[2]       ; y[29]       ; 5.103 ;       ;       ; 5.103 ;
; a[2]       ; y[30]       ; 5.501 ;       ;       ; 5.501 ;
; a[2]       ; y[31]       ; 5.410 ;       ;       ; 5.410 ;
; a[3]       ; y[0]        ;       ; 5.415 ; 5.415 ;       ;
; a[3]       ; y[1]        ;       ; 5.199 ; 5.199 ;       ;
; a[3]       ; y[2]        ;       ; 5.534 ; 5.534 ;       ;
; a[3]       ; y[3]        ;       ; 5.434 ; 5.434 ;       ;
; a[3]       ; y[4]        ;       ; 5.266 ; 5.266 ;       ;
; a[3]       ; y[5]        ;       ; 5.387 ; 5.387 ;       ;
; a[3]       ; y[6]        ;       ; 5.499 ; 5.499 ;       ;
; a[3]       ; y[7]        ;       ; 5.600 ; 5.600 ;       ;
; a[3]       ; y[8]        ; 5.420 ;       ;       ; 5.420 ;
; a[3]       ; y[9]        ; 5.210 ;       ;       ; 5.210 ;
; a[3]       ; y[10]       ; 5.310 ;       ;       ; 5.310 ;
; a[3]       ; y[11]       ; 5.396 ;       ;       ; 5.396 ;
; a[3]       ; y[12]       ; 5.256 ;       ;       ; 5.256 ;
; a[3]       ; y[13]       ; 5.164 ;       ;       ; 5.164 ;
; a[3]       ; y[14]       ; 5.400 ;       ;       ; 5.400 ;
; a[3]       ; y[15]       ; 5.589 ;       ;       ; 5.589 ;
; a[3]       ; y[16]       ;       ; 5.863 ; 5.863 ;       ;
; a[3]       ; y[17]       ;       ; 5.410 ; 5.410 ;       ;
; a[3]       ; y[18]       ;       ; 5.420 ; 5.420 ;       ;
; a[3]       ; y[19]       ;       ; 5.510 ; 5.510 ;       ;
; a[3]       ; y[20]       ;       ; 5.711 ; 5.711 ;       ;
; a[3]       ; y[21]       ;       ; 5.315 ; 5.315 ;       ;
; a[3]       ; y[22]       ;       ; 5.381 ; 5.381 ;       ;
; a[3]       ; y[23]       ;       ; 5.742 ; 5.742 ;       ;
; a[3]       ; y[24]       ; 5.230 ;       ;       ; 5.230 ;
; a[3]       ; y[25]       ; 5.421 ;       ;       ; 5.421 ;
; a[3]       ; y[26]       ; 5.302 ;       ;       ; 5.302 ;
; a[3]       ; y[27]       ; 5.498 ;       ;       ; 5.498 ;
; a[3]       ; y[28]       ; 5.633 ;       ;       ; 5.633 ;
; a[3]       ; y[29]       ; 5.151 ;       ;       ; 5.151 ;
; a[3]       ; y[30]       ; 5.441 ;       ;       ; 5.441 ;
; a[3]       ; y[31]       ; 5.309 ;       ;       ; 5.309 ;
; a[4]       ; y[0]        ;       ; 6.286 ; 6.286 ;       ;
; a[4]       ; y[1]        ;       ; 6.136 ; 6.136 ;       ;
; a[4]       ; y[2]        ;       ; 6.442 ; 6.442 ;       ;
; a[4]       ; y[3]        ;       ; 6.351 ; 6.351 ;       ;
; a[4]       ; y[4]        ;       ; 6.141 ; 6.141 ;       ;
; a[4]       ; y[5]        ;       ; 6.320 ; 6.320 ;       ;
; a[4]       ; y[6]        ;       ; 6.427 ; 6.427 ;       ;
; a[4]       ; y[7]        ;       ; 6.521 ; 6.521 ;       ;
; a[4]       ; y[8]        ;       ; 6.291 ; 6.291 ;       ;
; a[4]       ; y[9]        ;       ; 6.138 ; 6.138 ;       ;
; a[4]       ; y[10]       ;       ; 6.216 ; 6.216 ;       ;
; a[4]       ; y[11]       ;       ; 6.305 ; 6.305 ;       ;
; a[4]       ; y[12]       ;       ; 6.127 ; 6.127 ;       ;
; a[4]       ; y[13]       ;       ; 6.091 ; 6.091 ;       ;
; a[4]       ; y[14]       ;       ; 6.306 ; 6.306 ;       ;
; a[4]       ; y[15]       ;       ; 6.516 ; 6.516 ;       ;
; a[4]       ; y[16]       ; 6.757 ;       ;       ; 6.757 ;
; a[4]       ; y[17]       ; 6.346 ;       ;       ; 6.346 ;
; a[4]       ; y[18]       ; 6.340 ;       ;       ; 6.340 ;
; a[4]       ; y[19]       ; 6.470 ;       ;       ; 6.470 ;
; a[4]       ; y[20]       ; 6.599 ;       ;       ; 6.599 ;
; a[4]       ; y[21]       ; 6.251 ;       ;       ; 6.251 ;
; a[4]       ; y[22]       ; 6.305 ;       ;       ; 6.305 ;
; a[4]       ; y[23]       ; 6.688 ;       ;       ; 6.688 ;
; a[4]       ; y[24]       ; 6.122 ;       ;       ; 6.122 ;
; a[4]       ; y[25]       ; 6.348 ;       ;       ; 6.348 ;
; a[4]       ; y[26]       ; 6.212 ;       ;       ; 6.212 ;
; a[4]       ; y[27]       ; 6.456 ;       ;       ; 6.456 ;
; a[4]       ; y[28]       ; 6.527 ;       ;       ; 6.527 ;
; a[4]       ; y[29]       ; 6.087 ;       ;       ; 6.087 ;
; a[4]       ; y[30]       ; 6.339 ;       ;       ; 6.339 ;
; a[4]       ; y[31]       ; 6.264 ;       ;       ; 6.264 ;
; enable     ; y[0]        ; 5.941 ;       ;       ; 5.941 ;
; enable     ; y[1]        ; 5.791 ;       ;       ; 5.791 ;
; enable     ; y[2]        ; 6.097 ;       ;       ; 6.097 ;
; enable     ; y[3]        ; 6.006 ;       ;       ; 6.006 ;
; enable     ; y[4]        ; 5.796 ;       ;       ; 5.796 ;
; enable     ; y[5]        ; 5.975 ;       ;       ; 5.975 ;
; enable     ; y[6]        ; 6.082 ;       ;       ; 6.082 ;
; enable     ; y[7]        ; 6.176 ;       ;       ; 6.176 ;
; enable     ; y[8]        ; 5.946 ;       ;       ; 5.946 ;
; enable     ; y[9]        ; 5.793 ;       ;       ; 5.793 ;
; enable     ; y[10]       ; 5.871 ;       ;       ; 5.871 ;
; enable     ; y[11]       ; 5.960 ;       ;       ; 5.960 ;
; enable     ; y[12]       ; 5.782 ;       ;       ; 5.782 ;
; enable     ; y[13]       ; 5.746 ;       ;       ; 5.746 ;
; enable     ; y[14]       ; 5.961 ;       ;       ; 5.961 ;
; enable     ; y[15]       ; 6.171 ;       ;       ; 6.171 ;
; enable     ; y[16]       ; 6.392 ;       ;       ; 6.392 ;
; enable     ; y[17]       ; 5.981 ;       ;       ; 5.981 ;
; enable     ; y[18]       ; 5.975 ;       ;       ; 5.975 ;
; enable     ; y[19]       ; 6.105 ;       ;       ; 6.105 ;
; enable     ; y[20]       ; 6.234 ;       ;       ; 6.234 ;
; enable     ; y[21]       ; 5.886 ;       ;       ; 5.886 ;
; enable     ; y[22]       ; 5.940 ;       ;       ; 5.940 ;
; enable     ; y[23]       ; 6.323 ;       ;       ; 6.323 ;
; enable     ; y[24]       ; 5.757 ;       ;       ; 5.757 ;
; enable     ; y[25]       ; 5.983 ;       ;       ; 5.983 ;
; enable     ; y[26]       ; 5.847 ;       ;       ; 5.847 ;
; enable     ; y[27]       ; 6.091 ;       ;       ; 6.091 ;
; enable     ; y[28]       ; 6.162 ;       ;       ; 6.162 ;
; enable     ; y[29]       ; 5.722 ;       ;       ; 5.722 ;
; enable     ; y[30]       ; 5.974 ;       ;       ; 5.974 ;
; enable     ; y[31]       ; 5.899 ;       ;       ; 5.899 ;
+------------+-------------+-------+-------+-------+-------+


+----------------------------------------------------------+
; Minimum Propagation Delay                                ;
+------------+-------------+-------+-------+-------+-------+
; Input Port ; Output Port ; RR    ; RF    ; FR    ; FF    ;
+------------+-------------+-------+-------+-------+-------+
; a[0]       ; y[0]        ;       ; 6.152 ; 6.152 ;       ;
; a[0]       ; y[1]        ; 5.749 ;       ;       ; 5.749 ;
; a[0]       ; y[2]        ;       ; 6.340 ; 6.340 ;       ;
; a[0]       ; y[3]        ; 6.189 ;       ;       ; 6.189 ;
; a[0]       ; y[4]        ;       ; 6.002 ; 6.002 ;       ;
; a[0]       ; y[5]        ; 5.937 ;       ;       ; 5.937 ;
; a[0]       ; y[6]        ;       ; 6.306 ; 6.306 ;       ;
; a[0]       ; y[7]        ; 6.358 ;       ;       ; 6.358 ;
; a[0]       ; y[8]        ;       ; 6.137 ; 6.137 ;       ;
; a[0]       ; y[9]        ; 5.744 ;       ;       ; 5.744 ;
; a[0]       ; y[10]       ;       ; 6.091 ; 6.091 ;       ;
; a[0]       ; y[11]       ; 6.147 ;       ;       ; 6.147 ;
; a[0]       ; y[12]       ;       ; 5.976 ; 5.976 ;       ;
; a[0]       ; y[13]       ; 5.701 ;       ;       ; 5.701 ;
; a[0]       ; y[14]       ;       ; 6.182 ; 6.182 ;       ;
; a[0]       ; y[15]       ; 6.356 ;       ;       ; 6.356 ;
; a[0]       ; y[16]       ;       ; 6.602 ; 6.602 ;       ;
; a[0]       ; y[17]       ; 5.938 ;       ;       ; 5.938 ;
; a[0]       ; y[18]       ;       ; 6.225 ; 6.225 ;       ;
; a[0]       ; y[19]       ; 6.276 ;       ;       ; 6.276 ;
; a[0]       ; y[20]       ;       ; 6.449 ; 6.449 ;       ;
; a[0]       ; y[21]       ; 5.846 ;       ;       ; 5.846 ;
; a[0]       ; y[22]       ;       ; 6.187 ; 6.187 ;       ;
; a[0]       ; y[23]       ; 6.495 ;       ;       ; 6.495 ;
; a[0]       ; y[24]       ;       ; 5.953 ; 5.953 ;       ;
; a[0]       ; y[25]       ; 5.966 ;       ;       ; 5.966 ;
; a[0]       ; y[26]       ;       ; 6.083 ; 6.083 ;       ;
; a[0]       ; y[27]       ; 6.266 ;       ;       ; 6.266 ;
; a[0]       ; y[28]       ;       ; 6.360 ; 6.360 ;       ;
; a[0]       ; y[29]       ; 5.693 ;       ;       ; 5.693 ;
; a[0]       ; y[30]       ;       ; 6.227 ; 6.227 ;       ;
; a[0]       ; y[31]       ; 6.072 ;       ;       ; 6.072 ;
; a[1]       ; y[0]        ;       ; 5.998 ; 5.998 ;       ;
; a[1]       ; y[1]        ;       ; 5.595 ; 5.595 ;       ;
; a[1]       ; y[2]        ; 6.192 ;       ;       ; 6.192 ;
; a[1]       ; y[3]        ; 6.039 ;       ;       ; 6.039 ;
; a[1]       ; y[4]        ;       ; 5.848 ; 5.848 ;       ;
; a[1]       ; y[5]        ;       ; 5.783 ; 5.783 ;       ;
; a[1]       ; y[6]        ; 6.158 ;       ;       ; 6.158 ;
; a[1]       ; y[7]        ; 6.208 ;       ;       ; 6.208 ;
; a[1]       ; y[8]        ;       ; 5.983 ; 5.983 ;       ;
; a[1]       ; y[9]        ;       ; 5.590 ; 5.590 ;       ;
; a[1]       ; y[10]       ; 5.943 ;       ;       ; 5.943 ;
; a[1]       ; y[11]       ; 5.997 ;       ;       ; 5.997 ;
; a[1]       ; y[12]       ;       ; 5.822 ; 5.822 ;       ;
; a[1]       ; y[13]       ;       ; 5.547 ; 5.547 ;       ;
; a[1]       ; y[14]       ; 6.034 ;       ;       ; 6.034 ;
; a[1]       ; y[15]       ; 6.206 ;       ;       ; 6.206 ;
; a[1]       ; y[16]       ;       ; 6.448 ; 6.448 ;       ;
; a[1]       ; y[17]       ;       ; 5.784 ; 5.784 ;       ;
; a[1]       ; y[18]       ; 6.077 ;       ;       ; 6.077 ;
; a[1]       ; y[19]       ; 6.126 ;       ;       ; 6.126 ;
; a[1]       ; y[20]       ;       ; 6.295 ; 6.295 ;       ;
; a[1]       ; y[21]       ;       ; 5.692 ; 5.692 ;       ;
; a[1]       ; y[22]       ; 6.039 ;       ;       ; 6.039 ;
; a[1]       ; y[23]       ; 6.345 ;       ;       ; 6.345 ;
; a[1]       ; y[24]       ;       ; 5.799 ; 5.799 ;       ;
; a[1]       ; y[25]       ;       ; 5.812 ; 5.812 ;       ;
; a[1]       ; y[26]       ; 5.935 ;       ;       ; 5.935 ;
; a[1]       ; y[27]       ; 6.116 ;       ;       ; 6.116 ;
; a[1]       ; y[28]       ;       ; 6.206 ; 6.206 ;       ;
; a[1]       ; y[29]       ;       ; 5.539 ; 5.539 ;       ;
; a[1]       ; y[30]       ; 6.079 ;       ;       ; 6.079 ;
; a[1]       ; y[31]       ; 5.922 ;       ;       ; 5.922 ;
; a[2]       ; y[0]        ;       ; 5.499 ; 5.499 ;       ;
; a[2]       ; y[1]        ;       ; 5.135 ; 5.135 ;       ;
; a[2]       ; y[2]        ;       ; 5.614 ; 5.614 ;       ;
; a[2]       ; y[3]        ;       ; 5.525 ; 5.525 ;       ;
; a[2]       ; y[4]        ; 5.347 ;       ;       ; 5.347 ;
; a[2]       ; y[5]        ; 5.349 ;       ;       ; 5.349 ;
; a[2]       ; y[6]        ; 5.600 ;       ;       ; 5.600 ;
; a[2]       ; y[7]        ; 5.696 ;       ;       ; 5.696 ;
; a[2]       ; y[8]        ;       ; 5.494 ; 5.494 ;       ;
; a[2]       ; y[9]        ;       ; 5.131 ; 5.131 ;       ;
; a[2]       ; y[10]       ;       ; 5.389 ; 5.389 ;       ;
; a[2]       ; y[11]       ;       ; 5.476 ; 5.476 ;       ;
; a[2]       ; y[12]       ; 5.331 ;       ;       ; 5.331 ;
; a[2]       ; y[13]       ; 5.111 ;       ;       ; 5.111 ;
; a[2]       ; y[14]       ; 5.480 ;       ;       ; 5.480 ;
; a[2]       ; y[15]       ; 5.696 ;       ;       ; 5.696 ;
; a[2]       ; y[16]       ;       ; 5.949 ; 5.949 ;       ;
; a[2]       ; y[17]       ;       ; 5.332 ; 5.332 ;       ;
; a[2]       ; y[18]       ;       ; 5.504 ; 5.504 ;       ;
; a[2]       ; y[19]       ;       ; 5.617 ; 5.617 ;       ;
; a[2]       ; y[20]       ; 5.796 ;       ;       ; 5.796 ;
; a[2]       ; y[21]       ; 5.264 ;       ;       ; 5.264 ;
; a[2]       ; y[22]       ; 5.470 ;       ;       ; 5.470 ;
; a[2]       ; y[23]       ; 5.829 ;       ;       ; 5.829 ;
; a[2]       ; y[24]       ;       ; 5.305 ; 5.305 ;       ;
; a[2]       ; y[25]       ;       ; 5.352 ; 5.352 ;       ;
; a[2]       ; y[26]       ;       ; 5.382 ; 5.382 ;       ;
; a[2]       ; y[27]       ;       ; 5.599 ; 5.599 ;       ;
; a[2]       ; y[28]       ; 5.709 ;       ;       ; 5.709 ;
; a[2]       ; y[29]       ; 5.103 ;       ;       ; 5.103 ;
; a[2]       ; y[30]       ; 5.501 ;       ;       ; 5.501 ;
; a[2]       ; y[31]       ; 5.410 ;       ;       ; 5.410 ;
; a[3]       ; y[0]        ;       ; 5.415 ; 5.415 ;       ;
; a[3]       ; y[1]        ;       ; 5.199 ; 5.199 ;       ;
; a[3]       ; y[2]        ;       ; 5.534 ; 5.534 ;       ;
; a[3]       ; y[3]        ;       ; 5.434 ; 5.434 ;       ;
; a[3]       ; y[4]        ;       ; 5.266 ; 5.266 ;       ;
; a[3]       ; y[5]        ;       ; 5.387 ; 5.387 ;       ;
; a[3]       ; y[6]        ;       ; 5.499 ; 5.499 ;       ;
; a[3]       ; y[7]        ;       ; 5.600 ; 5.600 ;       ;
; a[3]       ; y[8]        ; 5.420 ;       ;       ; 5.420 ;
; a[3]       ; y[9]        ; 5.210 ;       ;       ; 5.210 ;
; a[3]       ; y[10]       ; 5.310 ;       ;       ; 5.310 ;
; a[3]       ; y[11]       ; 5.396 ;       ;       ; 5.396 ;
; a[3]       ; y[12]       ; 5.256 ;       ;       ; 5.256 ;
; a[3]       ; y[13]       ; 5.164 ;       ;       ; 5.164 ;
; a[3]       ; y[14]       ; 5.400 ;       ;       ; 5.400 ;
; a[3]       ; y[15]       ; 5.589 ;       ;       ; 5.589 ;
; a[3]       ; y[16]       ;       ; 5.863 ; 5.863 ;       ;
; a[3]       ; y[17]       ;       ; 5.410 ; 5.410 ;       ;
; a[3]       ; y[18]       ;       ; 5.420 ; 5.420 ;       ;
; a[3]       ; y[19]       ;       ; 5.510 ; 5.510 ;       ;
; a[3]       ; y[20]       ;       ; 5.711 ; 5.711 ;       ;
; a[3]       ; y[21]       ;       ; 5.315 ; 5.315 ;       ;
; a[3]       ; y[22]       ;       ; 5.381 ; 5.381 ;       ;
; a[3]       ; y[23]       ;       ; 5.742 ; 5.742 ;       ;
; a[3]       ; y[24]       ; 5.230 ;       ;       ; 5.230 ;
; a[3]       ; y[25]       ; 5.421 ;       ;       ; 5.421 ;
; a[3]       ; y[26]       ; 5.302 ;       ;       ; 5.302 ;
; a[3]       ; y[27]       ; 5.498 ;       ;       ; 5.498 ;
; a[3]       ; y[28]       ; 5.633 ;       ;       ; 5.633 ;
; a[3]       ; y[29]       ; 5.151 ;       ;       ; 5.151 ;
; a[3]       ; y[30]       ; 5.441 ;       ;       ; 5.441 ;
; a[3]       ; y[31]       ; 5.309 ;       ;       ; 5.309 ;
; a[4]       ; y[0]        ;       ; 6.286 ; 6.286 ;       ;
; a[4]       ; y[1]        ;       ; 6.136 ; 6.136 ;       ;
; a[4]       ; y[2]        ;       ; 6.442 ; 6.442 ;       ;
; a[4]       ; y[3]        ;       ; 6.351 ; 6.351 ;       ;
; a[4]       ; y[4]        ;       ; 6.141 ; 6.141 ;       ;
; a[4]       ; y[5]        ;       ; 6.320 ; 6.320 ;       ;
; a[4]       ; y[6]        ;       ; 6.427 ; 6.427 ;       ;
; a[4]       ; y[7]        ;       ; 6.521 ; 6.521 ;       ;
; a[4]       ; y[8]        ;       ; 6.291 ; 6.291 ;       ;
; a[4]       ; y[9]        ;       ; 6.138 ; 6.138 ;       ;
; a[4]       ; y[10]       ;       ; 6.216 ; 6.216 ;       ;
; a[4]       ; y[11]       ;       ; 6.305 ; 6.305 ;       ;
; a[4]       ; y[12]       ;       ; 6.127 ; 6.127 ;       ;
; a[4]       ; y[13]       ;       ; 6.091 ; 6.091 ;       ;
; a[4]       ; y[14]       ;       ; 6.306 ; 6.306 ;       ;
; a[4]       ; y[15]       ;       ; 6.516 ; 6.516 ;       ;
; a[4]       ; y[16]       ; 6.757 ;       ;       ; 6.757 ;
; a[4]       ; y[17]       ; 6.346 ;       ;       ; 6.346 ;
; a[4]       ; y[18]       ; 6.340 ;       ;       ; 6.340 ;
; a[4]       ; y[19]       ; 6.470 ;       ;       ; 6.470 ;
; a[4]       ; y[20]       ; 6.599 ;       ;       ; 6.599 ;
; a[4]       ; y[21]       ; 6.251 ;       ;       ; 6.251 ;
; a[4]       ; y[22]       ; 6.305 ;       ;       ; 6.305 ;
; a[4]       ; y[23]       ; 6.688 ;       ;       ; 6.688 ;
; a[4]       ; y[24]       ; 6.122 ;       ;       ; 6.122 ;
; a[4]       ; y[25]       ; 6.348 ;       ;       ; 6.348 ;
; a[4]       ; y[26]       ; 6.212 ;       ;       ; 6.212 ;
; a[4]       ; y[27]       ; 6.456 ;       ;       ; 6.456 ;
; a[4]       ; y[28]       ; 6.527 ;       ;       ; 6.527 ;
; a[4]       ; y[29]       ; 6.087 ;       ;       ; 6.087 ;
; a[4]       ; y[30]       ; 6.339 ;       ;       ; 6.339 ;
; a[4]       ; y[31]       ; 6.264 ;       ;       ; 6.264 ;
; enable     ; y[0]        ; 5.941 ;       ;       ; 5.941 ;
; enable     ; y[1]        ; 5.791 ;       ;       ; 5.791 ;
; enable     ; y[2]        ; 6.097 ;       ;       ; 6.097 ;
; enable     ; y[3]        ; 6.006 ;       ;       ; 6.006 ;
; enable     ; y[4]        ; 5.796 ;       ;       ; 5.796 ;
; enable     ; y[5]        ; 5.975 ;       ;       ; 5.975 ;
; enable     ; y[6]        ; 6.082 ;       ;       ; 6.082 ;
; enable     ; y[7]        ; 6.176 ;       ;       ; 6.176 ;
; enable     ; y[8]        ; 5.946 ;       ;       ; 5.946 ;
; enable     ; y[9]        ; 5.793 ;       ;       ; 5.793 ;
; enable     ; y[10]       ; 5.871 ;       ;       ; 5.871 ;
; enable     ; y[11]       ; 5.960 ;       ;       ; 5.960 ;
; enable     ; y[12]       ; 5.782 ;       ;       ; 5.782 ;
; enable     ; y[13]       ; 5.746 ;       ;       ; 5.746 ;
; enable     ; y[14]       ; 5.961 ;       ;       ; 5.961 ;
; enable     ; y[15]       ; 6.171 ;       ;       ; 6.171 ;
; enable     ; y[16]       ; 6.392 ;       ;       ; 6.392 ;
; enable     ; y[17]       ; 5.981 ;       ;       ; 5.981 ;
; enable     ; y[18]       ; 5.975 ;       ;       ; 5.975 ;
; enable     ; y[19]       ; 6.105 ;       ;       ; 6.105 ;
; enable     ; y[20]       ; 6.234 ;       ;       ; 6.234 ;
; enable     ; y[21]       ; 5.886 ;       ;       ; 5.886 ;
; enable     ; y[22]       ; 5.940 ;       ;       ; 5.940 ;
; enable     ; y[23]       ; 6.323 ;       ;       ; 6.323 ;
; enable     ; y[24]       ; 5.757 ;       ;       ; 5.757 ;
; enable     ; y[25]       ; 5.983 ;       ;       ; 5.983 ;
; enable     ; y[26]       ; 5.847 ;       ;       ; 5.847 ;
; enable     ; y[27]       ; 6.091 ;       ;       ; 6.091 ;
; enable     ; y[28]       ; 6.162 ;       ;       ; 6.162 ;
; enable     ; y[29]       ; 5.722 ;       ;       ; 5.722 ;
; enable     ; y[30]       ; 5.974 ;       ;       ; 5.974 ;
; enable     ; y[31]       ; 5.899 ;       ;       ; 5.899 ;
+------------+-------------+-------+-------+-------+-------+


+----------------------------------------------------------------------------+
; Multicorner Timing Analysis Summary                                        ;
+------------------+-------+------+----------+---------+---------------------+
; Clock            ; Setup ; Hold ; Recovery ; Removal ; Minimum Pulse Width ;
+------------------+-------+------+----------+---------+---------------------+
; Worst-case Slack ; N/A   ; N/A  ; N/A      ; N/A     ; N/A                 ;
; Design-wide TNS  ; 0.0   ; 0.0  ; 0.0      ; 0.0     ; 0.0                 ;
+------------------+-------+------+----------+---------+---------------------+


+--------------------------------------------------------------+
; Progagation Delay                                            ;
+------------+-------------+--------+--------+--------+--------+
; Input Port ; Output Port ; RR     ; RF     ; FR     ; FF     ;
+------------+-------------+--------+--------+--------+--------+
; a[0]       ; y[0]        ;        ; 11.330 ; 11.330 ;        ;
; a[0]       ; y[1]        ; 10.566 ;        ;        ; 10.566 ;
; a[0]       ; y[2]        ;        ; 11.700 ; 11.700 ;        ;
; a[0]       ; y[3]        ; 11.541 ;        ;        ; 11.541 ;
; a[0]       ; y[4]        ;        ; 11.097 ; 11.097 ;        ;
; a[0]       ; y[5]        ; 10.872 ;        ;        ; 10.872 ;
; a[0]       ; y[6]        ;        ; 11.661 ; 11.661 ;        ;
; a[0]       ; y[7]        ; 11.887 ;        ;        ; 11.887 ;
; a[0]       ; y[8]        ;        ; 11.394 ; 11.394 ;        ;
; a[0]       ; y[9]        ; 10.556 ;        ;        ; 10.556 ;
; a[0]       ; y[10]       ;        ; 11.307 ; 11.307 ;        ;
; a[0]       ; y[11]       ; 11.318 ;        ;        ; 11.318 ;
; a[0]       ; y[12]       ;        ; 11.071 ; 11.071 ;        ;
; a[0]       ; y[13]       ; 10.495 ;        ;        ; 10.495 ;
; a[0]       ; y[14]       ;        ; 11.410 ; 11.410 ;        ;
; a[0]       ; y[15]       ; 11.847 ;        ;        ; 11.847 ;
; a[0]       ; y[16]       ;        ; 12.235 ; 12.235 ;        ;
; a[0]       ; y[17]       ; 11.008 ;        ;        ; 11.008 ;
; a[0]       ; y[18]       ;        ; 11.599 ; 11.599 ;        ;
; a[0]       ; y[19]       ; 11.611 ;        ;        ; 11.611 ;
; a[0]       ; y[20]       ;        ; 11.952 ; 11.952 ;        ;
; a[0]       ; y[21]       ; 10.812 ;        ;        ; 10.812 ;
; a[0]       ; y[22]       ;        ; 11.416 ; 11.416 ;        ;
; a[0]       ; y[23]       ; 12.058 ;        ;        ; 12.058 ;
; a[0]       ; y[24]       ;        ; 11.028 ; 11.028 ;        ;
; a[0]       ; y[25]       ; 10.952 ;        ;        ; 10.952 ;
; a[0]       ; y[26]       ;        ; 11.302 ; 11.302 ;        ;
; a[0]       ; y[27]       ; 11.574 ;        ;        ; 11.574 ;
; a[0]       ; y[28]       ;        ; 11.765 ; 11.765 ;        ;
; a[0]       ; y[29]       ; 10.488 ;        ;        ; 10.488 ;
; a[0]       ; y[30]       ;        ; 11.493 ; 11.493 ;        ;
; a[0]       ; y[31]       ; 11.253 ;        ;        ; 11.253 ;
; a[1]       ; y[0]        ;        ; 11.063 ; 11.063 ;        ;
; a[1]       ; y[1]        ;        ; 10.259 ; 10.259 ;        ;
; a[1]       ; y[2]        ; 11.442 ;        ;        ; 11.442 ;
; a[1]       ; y[3]        ; 11.263 ;        ;        ; 11.263 ;
; a[1]       ; y[4]        ;        ; 10.830 ; 10.830 ;        ;
; a[1]       ; y[5]        ;        ; 10.565 ; 10.565 ;        ;
; a[1]       ; y[6]        ; 11.403 ;        ;        ; 11.403 ;
; a[1]       ; y[7]        ; 11.609 ;        ;        ; 11.609 ;
; a[1]       ; y[8]        ;        ; 11.127 ; 11.127 ;        ;
; a[1]       ; y[9]        ;        ; 10.249 ; 10.249 ;        ;
; a[1]       ; y[10]       ; 11.049 ;        ;        ; 11.049 ;
; a[1]       ; y[11]       ; 11.040 ;        ;        ; 11.040 ;
; a[1]       ; y[12]       ;        ; 10.804 ; 10.804 ;        ;
; a[1]       ; y[13]       ;        ; 10.188 ; 10.188 ;        ;
; a[1]       ; y[14]       ; 11.152 ;        ;        ; 11.152 ;
; a[1]       ; y[15]       ; 11.569 ;        ;        ; 11.569 ;
; a[1]       ; y[16]       ;        ; 11.968 ; 11.968 ;        ;
; a[1]       ; y[17]       ;        ; 10.701 ; 10.701 ;        ;
; a[1]       ; y[18]       ; 11.341 ;        ;        ; 11.341 ;
; a[1]       ; y[19]       ; 11.333 ;        ;        ; 11.333 ;
; a[1]       ; y[20]       ;        ; 11.685 ; 11.685 ;        ;
; a[1]       ; y[21]       ;        ; 10.505 ; 10.505 ;        ;
; a[1]       ; y[22]       ; 11.158 ;        ;        ; 11.158 ;
; a[1]       ; y[23]       ; 11.780 ;        ;        ; 11.780 ;
; a[1]       ; y[24]       ;        ; 10.761 ; 10.761 ;        ;
; a[1]       ; y[25]       ;        ; 10.645 ; 10.645 ;        ;
; a[1]       ; y[26]       ; 11.044 ;        ;        ; 11.044 ;
; a[1]       ; y[27]       ; 11.296 ;        ;        ; 11.296 ;
; a[1]       ; y[28]       ;        ; 11.498 ; 11.498 ;        ;
; a[1]       ; y[29]       ;        ; 10.181 ; 10.181 ;        ;
; a[1]       ; y[30]       ; 11.235 ;        ;        ; 11.235 ;
; a[1]       ; y[31]       ; 10.975 ;        ;        ; 10.975 ;
; a[2]       ; y[0]        ;        ; 9.880  ; 9.880  ;        ;
; a[2]       ; y[1]        ;        ; 9.182  ; 9.182  ;        ;
; a[2]       ; y[2]        ;        ; 10.139 ; 10.139 ;        ;
; a[2]       ; y[3]        ;        ; 10.024 ; 10.024 ;        ;
; a[2]       ; y[4]        ; 9.647  ;        ;        ; 9.647  ;
; a[2]       ; y[5]        ; 9.489  ;        ;        ; 9.489  ;
; a[2]       ; y[6]        ; 10.126 ;        ;        ; 10.126 ;
; a[2]       ; y[7]        ; 10.405 ;        ;        ; 10.405 ;
; a[2]       ; y[8]        ;        ; 9.955  ; 9.955  ;        ;
; a[2]       ; y[9]        ;        ; 9.176  ; 9.176  ;        ;
; a[2]       ; y[10]       ;        ; 9.776  ; 9.776  ;        ;
; a[2]       ; y[11]       ;        ; 9.831  ; 9.831  ;        ;
; a[2]       ; y[12]       ; 9.630  ;        ;        ; 9.630  ;
; a[2]       ; y[13]       ; 9.110  ;        ;        ; 9.110  ;
; a[2]       ; y[14]       ; 9.878  ;        ;        ; 9.878  ;
; a[2]       ; y[15]       ; 10.371 ;        ;        ; 10.371 ;
; a[2]       ; y[16]       ;        ; 10.784 ; 10.784 ;        ;
; a[2]       ; y[17]       ;        ; 9.635  ; 9.635  ;        ;
; a[2]       ; y[18]       ;        ; 10.044 ; 10.044 ;        ;
; a[2]       ; y[19]       ;        ; 10.100 ; 10.100 ;        ;
; a[2]       ; y[20]       ; 10.502 ;        ;        ; 10.502 ;
; a[2]       ; y[21]       ; 9.436  ;        ;        ; 9.436  ;
; a[2]       ; y[22]       ; 9.866  ;        ;        ; 9.866  ;
; a[2]       ; y[23]       ; 10.576 ;        ;        ; 10.576 ;
; a[2]       ; y[24]       ;        ; 9.583  ; 9.583  ;        ;
; a[2]       ; y[25]       ;        ; 9.569  ; 9.569  ;        ;
; a[2]       ; y[26]       ;        ; 9.770  ; 9.770  ;        ;
; a[2]       ; y[27]       ;        ; 10.088 ; 10.088 ;        ;
; a[2]       ; y[28]       ; 10.316 ;        ;        ; 10.316 ;
; a[2]       ; y[29]       ; 9.103  ;        ;        ; 9.103  ;
; a[2]       ; y[30]       ; 9.933  ;        ;        ; 9.933  ;
; a[2]       ; y[31]       ; 9.775  ;        ;        ; 9.775  ;
; a[3]       ; y[0]        ;        ; 9.626  ; 9.626  ;        ;
; a[3]       ; y[1]        ;        ; 9.229  ; 9.229  ;        ;
; a[3]       ; y[2]        ;        ; 9.840  ; 9.840  ;        ;
; a[3]       ; y[3]        ;        ; 9.759  ; 9.759  ;        ;
; a[3]       ; y[4]        ;        ; 9.400  ; 9.400  ;        ;
; a[3]       ; y[5]        ;        ; 9.537  ; 9.537  ;        ;
; a[3]       ; y[6]        ;        ; 9.800  ; 9.800  ;        ;
; a[3]       ; y[7]        ;        ; 10.097 ; 10.097 ;        ;
; a[3]       ; y[8]        ; 9.740  ;        ;        ; 9.740  ;
; a[3]       ; y[9]        ; 9.247  ;        ;        ; 9.247  ;
; a[3]       ; y[10]       ; 9.452  ;        ;        ; 9.452  ;
; a[3]       ; y[11]       ; 9.573  ;        ;        ; 9.573  ;
; a[3]       ; y[12]       ; 9.415  ;        ;        ; 9.415  ;
; a[3]       ; y[13]       ; 9.186  ;        ;        ; 9.186  ;
; a[3]       ; y[14]       ; 9.554  ;        ;        ; 9.554  ;
; a[3]       ; y[15]       ; 10.079 ;        ;        ; 10.079 ;
; a[3]       ; y[16]       ;        ; 10.534 ; 10.534 ;        ;
; a[3]       ; y[17]       ;        ; 9.693  ; 9.693  ;        ;
; a[3]       ; y[18]       ;        ; 9.738  ; 9.738  ;        ;
; a[3]       ; y[19]       ;        ; 9.816  ; 9.816  ;        ;
; a[3]       ; y[20]       ;        ; 10.252 ; 10.252 ;        ;
; a[3]       ; y[21]       ;        ; 9.494  ; 9.494  ;        ;
; a[3]       ; y[22]       ;        ; 9.555  ; 9.555  ;        ;
; a[3]       ; y[23]       ;        ; 10.278 ; 10.278 ;        ;
; a[3]       ; y[24]       ; 9.371  ;        ;        ; 9.371  ;
; a[3]       ; y[25]       ; 9.633  ;        ;        ; 9.633  ;
; a[3]       ; y[26]       ; 9.446  ;        ;        ; 9.446  ;
; a[3]       ; y[27]       ; 9.803  ;        ;        ; 9.803  ;
; a[3]       ; y[28]       ; 10.105 ;        ;        ; 10.105 ;
; a[3]       ; y[29]       ; 9.178  ;        ;        ; 9.178  ;
; a[3]       ; y[30]       ; 9.634  ;        ;        ; 9.634  ;
; a[3]       ; y[31]       ; 9.485  ;        ;        ; 9.485  ;
; a[4]       ; y[0]        ;        ; 11.642 ; 11.642 ;        ;
; a[4]       ; y[1]        ;        ; 11.388 ; 11.388 ;        ;
; a[4]       ; y[2]        ;        ; 11.976 ; 11.976 ;        ;
; a[4]       ; y[3]        ;        ; 11.933 ; 11.933 ;        ;
; a[4]       ; y[4]        ;        ; 11.415 ; 11.415 ;        ;
; a[4]       ; y[5]        ;        ; 11.693 ; 11.693 ;        ;
; a[4]       ; y[6]        ;        ; 11.956 ; 11.956 ;        ;
; a[4]       ; y[7]        ;        ; 12.274 ; 12.274 ;        ;
; a[4]       ; y[8]        ;        ; 11.729 ; 11.729 ;        ;
; a[4]       ; y[9]        ;        ; 11.394 ; 11.394 ;        ;
; a[4]       ; y[10]       ;        ; 11.608 ; 11.608 ;        ;
; a[4]       ; y[11]       ;        ; 11.741 ; 11.741 ;        ;
; a[4]       ; y[12]       ;        ; 11.403 ; 11.403 ;        ;
; a[4]       ; y[13]       ;        ; 11.329 ; 11.329 ;        ;
; a[4]       ; y[14]       ;        ; 11.710 ; 11.710 ;        ;
; a[4]       ; y[15]       ;        ; 12.266 ; 12.266 ;        ;
; a[4]       ; y[16]       ; 12.521 ;        ;        ; 12.521 ;
; a[4]       ; y[17]       ; 11.836 ;        ;        ; 11.836 ;
; a[4]       ; y[18]       ; 11.889 ;        ;        ; 11.889 ;
; a[4]       ; y[19]       ; 11.985 ;        ;        ; 11.985 ;
; a[4]       ; y[20]       ; 12.234 ;        ;        ; 12.234 ;
; a[4]       ; y[21]       ; 11.641 ;        ;        ; 11.641 ;
; a[4]       ; y[22]       ; 11.710 ;        ;        ; 11.710 ;
; a[4]       ; y[23]       ; 12.431 ;        ;        ; 12.431 ;
; a[4]       ; y[24]       ; 11.331 ;        ;        ; 11.331 ;
; a[4]       ; y[25]       ; 11.747 ;        ;        ; 11.747 ;
; a[4]       ; y[26]       ; 11.615 ;        ;        ; 11.615 ;
; a[4]       ; y[27]       ; 11.972 ;        ;        ; 11.972 ;
; a[4]       ; y[28]       ; 12.064 ;        ;        ; 12.064 ;
; a[4]       ; y[29]       ; 11.301 ;        ;        ; 11.301 ;
; a[4]       ; y[30]       ; 11.787 ;        ;        ; 11.787 ;
; a[4]       ; y[31]       ; 11.650 ;        ;        ; 11.650 ;
; enable     ; y[0]        ; 10.841 ;        ;        ; 10.841 ;
; enable     ; y[1]        ; 10.587 ;        ;        ; 10.587 ;
; enable     ; y[2]        ; 11.175 ;        ;        ; 11.175 ;
; enable     ; y[3]        ; 11.132 ;        ;        ; 11.132 ;
; enable     ; y[4]        ; 10.614 ;        ;        ; 10.614 ;
; enable     ; y[5]        ; 10.892 ;        ;        ; 10.892 ;
; enable     ; y[6]        ; 11.155 ;        ;        ; 11.155 ;
; enable     ; y[7]        ; 11.473 ;        ;        ; 11.473 ;
; enable     ; y[8]        ; 10.928 ;        ;        ; 10.928 ;
; enable     ; y[9]        ; 10.593 ;        ;        ; 10.593 ;
; enable     ; y[10]       ; 10.807 ;        ;        ; 10.807 ;
; enable     ; y[11]       ; 10.940 ;        ;        ; 10.940 ;
; enable     ; y[12]       ; 10.602 ;        ;        ; 10.602 ;
; enable     ; y[13]       ; 10.528 ;        ;        ; 10.528 ;
; enable     ; y[14]       ; 10.909 ;        ;        ; 10.909 ;
; enable     ; y[15]       ; 11.465 ;        ;        ; 11.465 ;
; enable     ; y[16]       ; 11.747 ;        ;        ; 11.747 ;
; enable     ; y[17]       ; 11.062 ;        ;        ; 11.062 ;
; enable     ; y[18]       ; 11.115 ;        ;        ; 11.115 ;
; enable     ; y[19]       ; 11.211 ;        ;        ; 11.211 ;
; enable     ; y[20]       ; 11.460 ;        ;        ; 11.460 ;
; enable     ; y[21]       ; 10.867 ;        ;        ; 10.867 ;
; enable     ; y[22]       ; 10.936 ;        ;        ; 10.936 ;
; enable     ; y[23]       ; 11.657 ;        ;        ; 11.657 ;
; enable     ; y[24]       ; 10.557 ;        ;        ; 10.557 ;
; enable     ; y[25]       ; 10.973 ;        ;        ; 10.973 ;
; enable     ; y[26]       ; 10.841 ;        ;        ; 10.841 ;
; enable     ; y[27]       ; 11.198 ;        ;        ; 11.198 ;
; enable     ; y[28]       ; 11.290 ;        ;        ; 11.290 ;
; enable     ; y[29]       ; 10.527 ;        ;        ; 10.527 ;
; enable     ; y[30]       ; 11.013 ;        ;        ; 11.013 ;
; enable     ; y[31]       ; 10.876 ;        ;        ; 10.876 ;
+------------+-------------+--------+--------+--------+--------+


+----------------------------------------------------------+
; Minimum Progagation Delay                                ;
+------------+-------------+-------+-------+-------+-------+
; Input Port ; Output Port ; RR    ; RF    ; FR    ; FF    ;
+------------+-------------+-------+-------+-------+-------+
; a[0]       ; y[0]        ;       ; 6.152 ; 6.152 ;       ;
; a[0]       ; y[1]        ; 5.749 ;       ;       ; 5.749 ;
; a[0]       ; y[2]        ;       ; 6.340 ; 6.340 ;       ;
; a[0]       ; y[3]        ; 6.189 ;       ;       ; 6.189 ;
; a[0]       ; y[4]        ;       ; 6.002 ; 6.002 ;       ;
; a[0]       ; y[5]        ; 5.937 ;       ;       ; 5.937 ;
; a[0]       ; y[6]        ;       ; 6.306 ; 6.306 ;       ;
; a[0]       ; y[7]        ; 6.358 ;       ;       ; 6.358 ;
; a[0]       ; y[8]        ;       ; 6.137 ; 6.137 ;       ;
; a[0]       ; y[9]        ; 5.744 ;       ;       ; 5.744 ;
; a[0]       ; y[10]       ;       ; 6.091 ; 6.091 ;       ;
; a[0]       ; y[11]       ; 6.147 ;       ;       ; 6.147 ;
; a[0]       ; y[12]       ;       ; 5.976 ; 5.976 ;       ;
; a[0]       ; y[13]       ; 5.701 ;       ;       ; 5.701 ;
; a[0]       ; y[14]       ;       ; 6.182 ; 6.182 ;       ;
; a[0]       ; y[15]       ; 6.356 ;       ;       ; 6.356 ;
; a[0]       ; y[16]       ;       ; 6.602 ; 6.602 ;       ;
; a[0]       ; y[17]       ; 5.938 ;       ;       ; 5.938 ;
; a[0]       ; y[18]       ;       ; 6.225 ; 6.225 ;       ;
; a[0]       ; y[19]       ; 6.276 ;       ;       ; 6.276 ;
; a[0]       ; y[20]       ;       ; 6.449 ; 6.449 ;       ;
; a[0]       ; y[21]       ; 5.846 ;       ;       ; 5.846 ;
; a[0]       ; y[22]       ;       ; 6.187 ; 6.187 ;       ;
; a[0]       ; y[23]       ; 6.495 ;       ;       ; 6.495 ;
; a[0]       ; y[24]       ;       ; 5.953 ; 5.953 ;       ;
; a[0]       ; y[25]       ; 5.966 ;       ;       ; 5.966 ;
; a[0]       ; y[26]       ;       ; 6.083 ; 6.083 ;       ;
; a[0]       ; y[27]       ; 6.266 ;       ;       ; 6.266 ;
; a[0]       ; y[28]       ;       ; 6.360 ; 6.360 ;       ;
; a[0]       ; y[29]       ; 5.693 ;       ;       ; 5.693 ;
; a[0]       ; y[30]       ;       ; 6.227 ; 6.227 ;       ;
; a[0]       ; y[31]       ; 6.072 ;       ;       ; 6.072 ;
; a[1]       ; y[0]        ;       ; 5.998 ; 5.998 ;       ;
; a[1]       ; y[1]        ;       ; 5.595 ; 5.595 ;       ;
; a[1]       ; y[2]        ; 6.192 ;       ;       ; 6.192 ;
; a[1]       ; y[3]        ; 6.039 ;       ;       ; 6.039 ;
; a[1]       ; y[4]        ;       ; 5.848 ; 5.848 ;       ;
; a[1]       ; y[5]        ;       ; 5.783 ; 5.783 ;       ;
; a[1]       ; y[6]        ; 6.158 ;       ;       ; 6.158 ;
; a[1]       ; y[7]        ; 6.208 ;       ;       ; 6.208 ;
; a[1]       ; y[8]        ;       ; 5.983 ; 5.983 ;       ;
; a[1]       ; y[9]        ;       ; 5.590 ; 5.590 ;       ;
; a[1]       ; y[10]       ; 5.943 ;       ;       ; 5.943 ;
; a[1]       ; y[11]       ; 5.997 ;       ;       ; 5.997 ;
; a[1]       ; y[12]       ;       ; 5.822 ; 5.822 ;       ;
; a[1]       ; y[13]       ;       ; 5.547 ; 5.547 ;       ;
; a[1]       ; y[14]       ; 6.034 ;       ;       ; 6.034 ;
; a[1]       ; y[15]       ; 6.206 ;       ;       ; 6.206 ;
; a[1]       ; y[16]       ;       ; 6.448 ; 6.448 ;       ;
; a[1]       ; y[17]       ;       ; 5.784 ; 5.784 ;       ;
; a[1]       ; y[18]       ; 6.077 ;       ;       ; 6.077 ;
; a[1]       ; y[19]       ; 6.126 ;       ;       ; 6.126 ;
; a[1]       ; y[20]       ;       ; 6.295 ; 6.295 ;       ;
; a[1]       ; y[21]       ;       ; 5.692 ; 5.692 ;       ;
; a[1]       ; y[22]       ; 6.039 ;       ;       ; 6.039 ;
; a[1]       ; y[23]       ; 6.345 ;       ;       ; 6.345 ;
; a[1]       ; y[24]       ;       ; 5.799 ; 5.799 ;       ;
; a[1]       ; y[25]       ;       ; 5.812 ; 5.812 ;       ;
; a[1]       ; y[26]       ; 5.935 ;       ;       ; 5.935 ;
; a[1]       ; y[27]       ; 6.116 ;       ;       ; 6.116 ;
; a[1]       ; y[28]       ;       ; 6.206 ; 6.206 ;       ;
; a[1]       ; y[29]       ;       ; 5.539 ; 5.539 ;       ;
; a[1]       ; y[30]       ; 6.079 ;       ;       ; 6.079 ;
; a[1]       ; y[31]       ; 5.922 ;       ;       ; 5.922 ;
; a[2]       ; y[0]        ;       ; 5.499 ; 5.499 ;       ;
; a[2]       ; y[1]        ;       ; 5.135 ; 5.135 ;       ;
; a[2]       ; y[2]        ;       ; 5.614 ; 5.614 ;       ;
; a[2]       ; y[3]        ;       ; 5.525 ; 5.525 ;       ;
; a[2]       ; y[4]        ; 5.347 ;       ;       ; 5.347 ;
; a[2]       ; y[5]        ; 5.349 ;       ;       ; 5.349 ;
; a[2]       ; y[6]        ; 5.600 ;       ;       ; 5.600 ;
; a[2]       ; y[7]        ; 5.696 ;       ;       ; 5.696 ;
; a[2]       ; y[8]        ;       ; 5.494 ; 5.494 ;       ;
; a[2]       ; y[9]        ;       ; 5.131 ; 5.131 ;       ;
; a[2]       ; y[10]       ;       ; 5.389 ; 5.389 ;       ;
; a[2]       ; y[11]       ;       ; 5.476 ; 5.476 ;       ;
; a[2]       ; y[12]       ; 5.331 ;       ;       ; 5.331 ;
; a[2]       ; y[13]       ; 5.111 ;       ;       ; 5.111 ;
; a[2]       ; y[14]       ; 5.480 ;       ;       ; 5.480 ;
; a[2]       ; y[15]       ; 5.696 ;       ;       ; 5.696 ;
; a[2]       ; y[16]       ;       ; 5.949 ; 5.949 ;       ;
; a[2]       ; y[17]       ;       ; 5.332 ; 5.332 ;       ;
; a[2]       ; y[18]       ;       ; 5.504 ; 5.504 ;       ;
; a[2]       ; y[19]       ;       ; 5.617 ; 5.617 ;       ;
; a[2]       ; y[20]       ; 5.796 ;       ;       ; 5.796 ;
; a[2]       ; y[21]       ; 5.264 ;       ;       ; 5.264 ;
; a[2]       ; y[22]       ; 5.470 ;       ;       ; 5.470 ;
; a[2]       ; y[23]       ; 5.829 ;       ;       ; 5.829 ;
; a[2]       ; y[24]       ;       ; 5.305 ; 5.305 ;       ;
; a[2]       ; y[25]       ;       ; 5.352 ; 5.352 ;       ;
; a[2]       ; y[26]       ;       ; 5.382 ; 5.382 ;       ;
; a[2]       ; y[27]       ;       ; 5.599 ; 5.599 ;       ;
; a[2]       ; y[28]       ; 5.709 ;       ;       ; 5.709 ;
; a[2]       ; y[29]       ; 5.103 ;       ;       ; 5.103 ;
; a[2]       ; y[30]       ; 5.501 ;       ;       ; 5.501 ;
; a[2]       ; y[31]       ; 5.410 ;       ;       ; 5.410 ;
; a[3]       ; y[0]        ;       ; 5.415 ; 5.415 ;       ;
; a[3]       ; y[1]        ;       ; 5.199 ; 5.199 ;       ;
; a[3]       ; y[2]        ;       ; 5.534 ; 5.534 ;       ;
; a[3]       ; y[3]        ;       ; 5.434 ; 5.434 ;       ;
; a[3]       ; y[4]        ;       ; 5.266 ; 5.266 ;       ;
; a[3]       ; y[5]        ;       ; 5.387 ; 5.387 ;       ;
; a[3]       ; y[6]        ;       ; 5.499 ; 5.499 ;       ;
; a[3]       ; y[7]        ;       ; 5.600 ; 5.600 ;       ;
; a[3]       ; y[8]        ; 5.420 ;       ;       ; 5.420 ;
; a[3]       ; y[9]        ; 5.210 ;       ;       ; 5.210 ;
; a[3]       ; y[10]       ; 5.310 ;       ;       ; 5.310 ;
; a[3]       ; y[11]       ; 5.396 ;       ;       ; 5.396 ;
; a[3]       ; y[12]       ; 5.256 ;       ;       ; 5.256 ;
; a[3]       ; y[13]       ; 5.164 ;       ;       ; 5.164 ;
; a[3]       ; y[14]       ; 5.400 ;       ;       ; 5.400 ;
; a[3]       ; y[15]       ; 5.589 ;       ;       ; 5.589 ;
; a[3]       ; y[16]       ;       ; 5.863 ; 5.863 ;       ;
; a[3]       ; y[17]       ;       ; 5.410 ; 5.410 ;       ;
; a[3]       ; y[18]       ;       ; 5.420 ; 5.420 ;       ;
; a[3]       ; y[19]       ;       ; 5.510 ; 5.510 ;       ;
; a[3]       ; y[20]       ;       ; 5.711 ; 5.711 ;       ;
; a[3]       ; y[21]       ;       ; 5.315 ; 5.315 ;       ;
; a[3]       ; y[22]       ;       ; 5.381 ; 5.381 ;       ;
; a[3]       ; y[23]       ;       ; 5.742 ; 5.742 ;       ;
; a[3]       ; y[24]       ; 5.230 ;       ;       ; 5.230 ;
; a[3]       ; y[25]       ; 5.421 ;       ;       ; 5.421 ;
; a[3]       ; y[26]       ; 5.302 ;       ;       ; 5.302 ;
; a[3]       ; y[27]       ; 5.498 ;       ;       ; 5.498 ;
; a[3]       ; y[28]       ; 5.633 ;       ;       ; 5.633 ;
; a[3]       ; y[29]       ; 5.151 ;       ;       ; 5.151 ;
; a[3]       ; y[30]       ; 5.441 ;       ;       ; 5.441 ;
; a[3]       ; y[31]       ; 5.309 ;       ;       ; 5.309 ;
; a[4]       ; y[0]        ;       ; 6.286 ; 6.286 ;       ;
; a[4]       ; y[1]        ;       ; 6.136 ; 6.136 ;       ;
; a[4]       ; y[2]        ;       ; 6.442 ; 6.442 ;       ;
; a[4]       ; y[3]        ;       ; 6.351 ; 6.351 ;       ;
; a[4]       ; y[4]        ;       ; 6.141 ; 6.141 ;       ;
; a[4]       ; y[5]        ;       ; 6.320 ; 6.320 ;       ;
; a[4]       ; y[6]        ;       ; 6.427 ; 6.427 ;       ;
; a[4]       ; y[7]        ;       ; 6.521 ; 6.521 ;       ;
; a[4]       ; y[8]        ;       ; 6.291 ; 6.291 ;       ;
; a[4]       ; y[9]        ;       ; 6.138 ; 6.138 ;       ;
; a[4]       ; y[10]       ;       ; 6.216 ; 6.216 ;       ;
; a[4]       ; y[11]       ;       ; 6.305 ; 6.305 ;       ;
; a[4]       ; y[12]       ;       ; 6.127 ; 6.127 ;       ;
; a[4]       ; y[13]       ;       ; 6.091 ; 6.091 ;       ;
; a[4]       ; y[14]       ;       ; 6.306 ; 6.306 ;       ;
; a[4]       ; y[15]       ;       ; 6.516 ; 6.516 ;       ;
; a[4]       ; y[16]       ; 6.757 ;       ;       ; 6.757 ;
; a[4]       ; y[17]       ; 6.346 ;       ;       ; 6.346 ;
; a[4]       ; y[18]       ; 6.340 ;       ;       ; 6.340 ;
; a[4]       ; y[19]       ; 6.470 ;       ;       ; 6.470 ;
; a[4]       ; y[20]       ; 6.599 ;       ;       ; 6.599 ;
; a[4]       ; y[21]       ; 6.251 ;       ;       ; 6.251 ;
; a[4]       ; y[22]       ; 6.305 ;       ;       ; 6.305 ;
; a[4]       ; y[23]       ; 6.688 ;       ;       ; 6.688 ;
; a[4]       ; y[24]       ; 6.122 ;       ;       ; 6.122 ;
; a[4]       ; y[25]       ; 6.348 ;       ;       ; 6.348 ;
; a[4]       ; y[26]       ; 6.212 ;       ;       ; 6.212 ;
; a[4]       ; y[27]       ; 6.456 ;       ;       ; 6.456 ;
; a[4]       ; y[28]       ; 6.527 ;       ;       ; 6.527 ;
; a[4]       ; y[29]       ; 6.087 ;       ;       ; 6.087 ;
; a[4]       ; y[30]       ; 6.339 ;       ;       ; 6.339 ;
; a[4]       ; y[31]       ; 6.264 ;       ;       ; 6.264 ;
; enable     ; y[0]        ; 5.941 ;       ;       ; 5.941 ;
; enable     ; y[1]        ; 5.791 ;       ;       ; 5.791 ;
; enable     ; y[2]        ; 6.097 ;       ;       ; 6.097 ;
; enable     ; y[3]        ; 6.006 ;       ;       ; 6.006 ;
; enable     ; y[4]        ; 5.796 ;       ;       ; 5.796 ;
; enable     ; y[5]        ; 5.975 ;       ;       ; 5.975 ;
; enable     ; y[6]        ; 6.082 ;       ;       ; 6.082 ;
; enable     ; y[7]        ; 6.176 ;       ;       ; 6.176 ;
; enable     ; y[8]        ; 5.946 ;       ;       ; 5.946 ;
; enable     ; y[9]        ; 5.793 ;       ;       ; 5.793 ;
; enable     ; y[10]       ; 5.871 ;       ;       ; 5.871 ;
; enable     ; y[11]       ; 5.960 ;       ;       ; 5.960 ;
; enable     ; y[12]       ; 5.782 ;       ;       ; 5.782 ;
; enable     ; y[13]       ; 5.746 ;       ;       ; 5.746 ;
; enable     ; y[14]       ; 5.961 ;       ;       ; 5.961 ;
; enable     ; y[15]       ; 6.171 ;       ;       ; 6.171 ;
; enable     ; y[16]       ; 6.392 ;       ;       ; 6.392 ;
; enable     ; y[17]       ; 5.981 ;       ;       ; 5.981 ;
; enable     ; y[18]       ; 5.975 ;       ;       ; 5.975 ;
; enable     ; y[19]       ; 6.105 ;       ;       ; 6.105 ;
; enable     ; y[20]       ; 6.234 ;       ;       ; 6.234 ;
; enable     ; y[21]       ; 5.886 ;       ;       ; 5.886 ;
; enable     ; y[22]       ; 5.940 ;       ;       ; 5.940 ;
; enable     ; y[23]       ; 6.323 ;       ;       ; 6.323 ;
; enable     ; y[24]       ; 5.757 ;       ;       ; 5.757 ;
; enable     ; y[25]       ; 5.983 ;       ;       ; 5.983 ;
; enable     ; y[26]       ; 5.847 ;       ;       ; 5.847 ;
; enable     ; y[27]       ; 6.091 ;       ;       ; 6.091 ;
; enable     ; y[28]       ; 6.162 ;       ;       ; 6.162 ;
; enable     ; y[29]       ; 5.722 ;       ;       ; 5.722 ;
; enable     ; y[30]       ; 5.974 ;       ;       ; 5.974 ;
; enable     ; y[31]       ; 5.899 ;       ;       ; 5.899 ;
+------------+-------------+-------+-------+-------+-------+


-------------------
; Clock Transfers ;
-------------------
Nothing to report.


---------------
; Report TCCS ;
---------------
No dedicated SERDES Transmitter circuitry present in device or used in design


---------------
; Report RSKM ;
---------------
No dedicated SERDES Receiver circuitry present in device or used in design


+------------------------------------------------+
; Unconstrained Paths                            ;
+---------------------------------+-------+------+
; Property                        ; Setup ; Hold ;
+---------------------------------+-------+------+
; Illegal Clocks                  ; 0     ; 0    ;
; Unconstrained Clocks            ; 0     ; 0    ;
; Unconstrained Input Ports       ; 6     ; 6    ;
; Unconstrained Input Port Paths  ; 192   ; 192  ;
; Unconstrained Output Ports      ; 32    ; 32   ;
; Unconstrained Output Port Paths ; 192   ; 192  ;
+---------------------------------+-------+------+


+------------------------------------+
; TimeQuest Timing Analyzer Messages ;
+------------------------------------+
Info: *******************************************************************
Info: Running Quartus II 64-Bit TimeQuest Timing Analyzer
    Info: Version 13.0.1 Build 232 06/12/2013 Service Pack 1 SJ Web Edition
    Info: Processing started: Mon Feb 17 20:57:51 2025
Info: Command: quartus_sta project -c project
Info: qsta_default_script.tcl version: #1
Warning (20028): Parallel compilation is not licensed and has been disabled
Info (21077): Low junction temperature is 0 degrees C
Info (21077): High junction temperature is 85 degrees C
Critical Warning (332012): Synopsys Design Constraints File file not found: 'project.sdc'. A Synopsys Design Constraints File is required by the TimeQuest Timing Analyzer to get proper timing constraints. Without it, the Compiler will not properly optimize the design.
Info (332142): No user constrained base clocks found in the design. Calling "derive_clocks -period 1.0"
Info (332096): The command derive_clocks did not find any clocks to derive.  No clocks were created or changed.
Warning (332068): No clocks defined in design.
Info: Found TIMEQUEST_REPORT_SCRIPT_INCLUDE_DEFAULT_ANALYSIS = ON
Info (332159): No clocks to report
Info: Analyzing Slow Model
Info (332140): No fmax paths to report
Info (332140): No Setup paths to report
Info (332140): No Hold paths to report
Info (332140): No Recovery paths to report
Info (332140): No Removal paths to report
Info (332140): No Minimum Pulse Width paths to report
Info (332001): The selected device family is not supported by the report_metastability command.
Info: Analyzing Fast Model
Info (332142): No user constrained base clocks found in the design. Calling "derive_clocks -period 1.0"
Info (332096): The command derive_clocks did not find any clocks to derive.  No clocks were created or changed.
Warning (332068): No clocks defined in design.
Info (332140): No Setup paths to report
Info (332140): No Hold paths to report
Info (332140): No Recovery paths to report
Info (332140): No Removal paths to report
Info (332140): No Minimum Pulse Width paths to report
Info (332001): The selected device family is not supported by the report_metastability command.
Info (332102): Design is not fully constrained for setup requirements
Info (332102): Design is not fully constrained for hold requirements
Info: Quartus II 64-Bit TimeQuest Timing Analyzer was successful. 0 errors, 4 warnings
    Info: Peak virtual memory: 4533 megabytes
    Info: Processing ended: Mon Feb 17 20:57:52 2025
    Info: Elapsed time: 00:00:01
    Info: Total CPU time (on all processors): 00:00:00


